Archive member included to satisfy reference by file (symbol)

C:/Program Files/Microchip/xc32/v5.00/bin/bin/../../lib/gcc/pic32c/13.2.1/../../../../pic32c/lib/thumb/v7e-m+dp/hard\libpic32c.a(data_init.o)
                              build/default/production/_ext/1171490990/startup_xc32.o (__pic32c_data_initialization)
C:/Program Files/Microchip/xc32/v5.00/bin/bin/../../lib/gcc/pic32c/13.2.1/../../../../pic32c/lib/thumb/v7e-m+dp/hard\libpic32c.a(_write.o)
                              build/default/production/_ext/783082040/board_api.o (_write)
C:/Program Files/Microchip/xc32/v5.00/bin/bin/../../lib/gcc/pic32c/13.2.1/../../../../pic32c/lib/thumb/v7e-m+dp/hard\libc-size-musl.a(memcmp.o)
                              build/default/production/_ext/534298161/bridgeif_fdb.o (memcmp)
C:/Program Files/Microchip/xc32/v5.00/bin/bin/../../lib/gcc/pic32c/13.2.1/../../../../pic32c/lib/thumb/v7e-m+dp/hard\libc-size-musl.a(memcpy.o)
                              build/default/production/_ext/60167248/plib_efc.o (memcpy)
C:/Program Files/Microchip/xc32/v5.00/bin/bin/../../lib/gcc/pic32c/13.2.1/../../../../pic32c/lib/thumb/v7e-m+dp/hard\libc-size-musl.a(memmove.o)
                              build/default/production/_ext/1422079320/embedded_cli.o (memmove)
C:/Program Files/Microchip/xc32/v5.00/bin/bin/../../lib/gcc/pic32c/13.2.1/../../../../pic32c/lib/thumb/v7e-m+dp/hard\libc-size-musl.a(memset.o)
                              build/default/production/_ext/1134253236/simple_shield.o (memset)
C:/Program Files/Microchip/xc32/v5.00/bin/bin/../../lib/gcc/pic32c/13.2.1/../../../../pic32c/lib/thumb/v7e-m+dp/hard\libc-size-musl.a(strlen.o)
                              build/default/production/_ext/1422079320/embedded_cli.o (strlen)
C:/Program Files/Microchip/xc32/v5.00/bin/bin/../../lib/gcc/pic32c/13.2.1/../../../../pic32c/lib/thumb/v7e-m+dp/hard\libc-size-musl.a(strstr.o)
                              build/default/production/_ext/1037924264/smtp.o (strstr)
C:/Program Files/Microchip/xc32/v5.00/bin/bin/../../lib/gcc/pic32c/13.2.1/../../../../pic32c/lib/thumb/v7e-m+dp/hard\libc-size-musl.a(strchr.o)
                              build/default/production/_ext/1422079320/embedded_cli.o (strchr)
C:/Program Files/Microchip/xc32/v5.00/bin/bin/../../lib/gcc/pic32c/13.2.1/../../../../pic32c/lib/thumb/v7e-m+dp/hard\libc-size-musl.a(strchrnul.o)
                              C:/Program Files/Microchip/xc32/v5.00/bin/bin/../../lib/gcc/pic32c/13.2.1/../../../../pic32c/lib/thumb/v7e-m+dp/hard\libc-size-musl.a(strchr.o) (__strchrnul)
C:/Program Files/Microchip/xc32/v5.00/bin/bin/../../lib/gcc/pic32c/13.2.1/../../../../pic32c/lib/thumb/v7e-m+dp/hard\libc-size-musl.a(strcmp.o)
                              build/default/production/_ext/1134253236/simple_shield.o (strcmp)
C:/Program Files/Microchip/xc32/v5.00/bin/bin/../../lib/gcc/pic32c/13.2.1/../../../../pic32c/lib/thumb/v7e-m+dp/hard\libc-size-musl.a(strcpy.o)
                              build/default/production/_ext/502845695/tasks.o (strcpy)
C:/Program Files/Microchip/xc32/v5.00/bin/bin/../../lib/gcc/pic32c/13.2.1/../../../../pic32c/lib/thumb/v7e-m+dp/hard\libc-size-musl.a(strncmp.o)
                              build/default/production/_ext/1037603290/httpd.o (strncmp)
C:/Program Files/Microchip/xc32/v5.00/bin/bin/../../lib/gcc/pic32c/13.2.1/../../../../pic32c/lib/thumb/v7e-m+dp/hard\libc-size-musl.a(strncpy.o)
                              build/default/production/_ext/1260377903/ring_buffer.o (strncpy)
C:/Program Files/Microchip/xc32/v5.00/bin/bin/../../lib/gcc/pic32c/13.2.1/../../../../pic32c/lib/thumb/v7e-m+dp/hard\libc-size-musl.a(stpcpy.o)
                              C:/Program Files/Microchip/xc32/v5.00/bin/bin/../../lib/gcc/pic32c/13.2.1/../../../../pic32c/lib/thumb/v7e-m+dp/hard\libc-size-musl.a(strcpy.o) (__stpcpy)
C:/Program Files/Microchip/xc32/v5.00/bin/bin/../../lib/gcc/pic32c/13.2.1/../../../../pic32c/lib/thumb/v7e-m+dp/hard\libc-size-musl.a(stpncpy.o)
                              C:/Program Files/Microchip/xc32/v5.00/bin/bin/../../lib/gcc/pic32c/13.2.1/../../../../pic32c/lib/thumb/v7e-m+dp/hard\libc-size-musl.a(strncpy.o) (__stpncpy)
C:/Program Files/Microchip/xc32/v5.00/bin/bin/../../lib/gcc/pic32c/13.2.1/../../../../pic32c/lib/thumb/v7e-m+dp/hard\libc-musl.a(isxdigit.o)
                              build/default/production/_ext/1349076522/ip4_addr.o (isxdigit)
C:/Program Files/Microchip/xc32/v5.00/bin/bin/../../lib/gcc/pic32c/13.2.1/../../../../pic32c/lib/thumb/v7e-m+dp/hard\libc-musl.a(toupper.o)
                              build/default/production/_ext/581206725/netbiosns.o (toupper)
C:/Program Files/Microchip/xc32/v5.00/bin/bin/../../lib/gcc/pic32c/13.2.1/../../../../pic32c/lib/thumb/v7e-m+dp/hard\libc-musl.a(__libc_start_main.o)
                              build/default/production/_ext/1171490990/startup_xc32.o (__libc_init_array)
[...]
Memory Configuration

Name             Origin             Length             Attributes
rom              0x00400000         0x00200000         xrl
ram              0x20400000         0x00060000         xw!r
itcm             0x00000000         0x00000000         xw
dtcm             0x20000000         0x00000000         xw!r
*default*        0x00000000         0xffffffff

Linker script and memory map

LOAD C:/Program Files/Microchip/xc32/v5.00/bin/bin/../../lib/gcc/pic32c/13.2.1/thumb/v7e-m+dp/hard/crti.o
LOAD C:/Program Files/Microchip/xc32/v5.00/bin/bin/../../lib/gcc/pic32c/13.2.1/thumb/v7e-m+dp/hard/crtbegin.o
LOAD build/default/production/_ext/60165520/plib_clk.o
LOAD build/default/production/_ext/60167248/plib_efc.o
LOAD build/default/production/_ext/1865468468/plib_nvic.o
LOAD build/default/production/_ext/60177924/plib_pio.o
LOAD build/default/production/_ext/1827571544/plib_systick.o
LOAD build/default/production/_ext/829342655/plib_tc3.o
LOAD build/default/production/_ext/1865657120/plib_uart2.o
LOAD build/default/production/_ext/163028504/xc32_monitor.o
LOAD build/default/production/_ext/1171490990/initialization.o
LOAD build/default/production/_ext/1171490990/interrupts.o
LOAD build/default/production/_ext/1171490990/exceptions.o
LOAD build/default/production/_ext/1171490990/startup_xc32.o
LOAD build/default/production/_ext/1171490990/libc_syscalls.o
LOAD build/default/production/_ext/249897560/boot_manager.o
LOAD build/default/production/_ext/1778509306/os.o
LOAD build/default/production/_ext/1134253236/simple_shield.o
LOAD build/default/production/_ext/667517761/cli_command.o
LOAD build/default/production/_ext/818259185/cli_setup.o
LOAD build/default/production/_ext/1422079320/embedded_cli.o
LOAD build/default/production/_ext/216470852/uart_dma.o
LOAD build/default/production/_ext/216470852/uart_irq.o
LOAD build/default/production/_ext/1908456078/port.o
LOAD build/default/production/_ext/1562497596/heap_4.o
LOAD build/default/production/_ext/502845695/croutine.o
LOAD build/default/production/_ext/502845695/event_groups.o
LOAD build/default/production/_ext/502845695/list.o
LOAD build/default/production/_ext/502845695/queue.o
LOAD build/default/production/_ext/502845695/stream_buffer.o
LOAD build/default/production/_ext/502845695/tasks.o
LOAD build/default/production/_ext/502845695/timers.o
LOAD build/default/production/_ext/697864676/date_time.o
LOAD build/default/production/_ext/1260377903/ring_buffer.o
LOAD build/default/production/_ext/1226835810/tick.o
LOAD build/default/production/_ext/1360937237/ATSAMV71cm7_it.o
LOAD build/default/production/_ext/1360937237/main.o
LOAD build/default/production/_ext/30620426/app_cli.o
LOAD build/default/production/_ext/1525186148/app_alive.o
LOAD build/default/production/_ext/1026660007/app_root.o
LOAD build/default/production/_ext/1225992677/prnf.o
LOAD build/default/production/_ext/1918720202/app_logging.o
LOAD build/default/production/_ext/1798135708/dmesg.o
LOAD build/default/production/_ext/245638732/fast_ipc.o
LOAD build/default/production/_ext/751336192/xlog.o
LOAD build/default/production/_ext/1389938436/app_network.o
LOAD build/default/production/_ext/30602918/app_usb.o
LOAD build/default/production/_ext/783082040/board_api.o
LOAD build/default/production/_ext/783082040/usb_descriptors.o
LOAD build/default/production/_ext/2037418415/api_lib.o
LOAD build/default/production/_ext/2037418415/api_msg.o
LOAD build/default/production/_ext/2037418415/err.o
LOAD build/default/production/_ext/2037418415/if_api.o
LOAD build/default/production/_ext/2037418415/netbuf.o
LOAD build/default/production/_ext/2037418415/netdb.o
LOAD build/default/production/_ext/2037418415/netifapi.o
LOAD build/default/production/_ext/2037418415/sockets.o
LOAD build/default/production/_ext/2037418415/tcpip.o
LOAD build/default/production/_ext/790253312/altcp_tls_mbedtls.o
LOAD build/default/production/_ext/790253312/altcp_tls_mbedtls_mem.o
LOAD build/default/production/_ext/1037603290/altcp_proxyconnect.o
LOAD build/default/production/_ext/1037603290/fs.o
LOAD build/default/production/_ext/1037603290/httpd.o
LOAD build/default/production/_ext/1037603290/http_client.o
LOAD build/default/production/_ext/309140075/lwiperf.o
LOAD build/default/production/_ext/1037736686/mdns.o
LOAD build/default/production/_ext/1037749366/mqtt.o
LOAD build/default/production/_ext/581206725/netbiosns.o
LOAD build/default/production/_ext/1037924264/smtp.o
LOAD build/default/production/_ext/1037925008/snmpv3.o
LOAD build/default/production/_ext/1037925008/snmpv3_mbedtls.o
LOAD build/default/production/_ext/1037925008/snmp_asn1.o
LOAD build/default/production/_ext/1037925008/snmp_core.o
LOAD build/default/production/_ext/1037925008/snmp_mib2.o
LOAD build/default/production/_ext/1037925008/snmp_mib2_icmp.o
LOAD build/default/production/_ext/1037925008/snmp_mib2_interfaces.o
LOAD build/default/production/_ext/1037925008/snmp_mib2_ip.o
LOAD build/default/production/_ext/1037925008/snmp_mib2_snmp.o
LOAD build/default/production/_ext/1037925008/snmp_mib2_system.o
LOAD build/default/production/_ext/1037925008/snmp_mib2_tcp.o
LOAD build/default/production/_ext/1037925008/snmp_mib2_udp.o
LOAD build/default/production/_ext/1037925008/snmp_msg.o
LOAD build/default/production/_ext/1037925008/snmp_netconn.o
LOAD build/default/production/_ext/1037925008/snmp_pbuf_stream.o
LOAD build/default/production/_ext/1037925008/snmp_raw.o
LOAD build/default/production/_ext/1037925008/snmp_scalar.o
LOAD build/default/production/_ext/1037925008/snmp_snmpv2_framework.o
LOAD build/default/production/_ext/1037925008/snmp_snmpv2_usm.o
LOAD build/default/production/_ext/1037925008/snmp_table.o
LOAD build/default/production/_ext/1037925008/snmp_threadsync.o
LOAD build/default/production/_ext/1037925008/snmp_traps.o
LOAD build/default/production/_ext/1037925225/sntp.o
LOAD build/default/production/_ext/1037947328/tftp_server.o
LOAD build/default/production/_ext/1264479574/altcp.o
LOAD build/default/production/_ext/1264479574/altcp_alloc.o
LOAD build/default/production/_ext/1264479574/altcp_tcp.o
LOAD build/default/production/_ext/1264479574/def.o
LOAD build/default/production/_ext/1264479574/dns.o
LOAD build/default/production/_ext/1264479574/inet_chksum.o
LOAD build/default/production/_ext/1264479574/init.o
LOAD build/default/production/_ext/1264479574/ip.o
LOAD build/default/production/_ext/1349076522/autoip.o
LOAD build/default/production/_ext/1349076522/dhcp.o
LOAD build/default/production/_ext/1349076522/etharp.o
LOAD build/default/production/_ext/1349076522/icmp.o
LOAD build/default/production/_ext/1349076522/igmp.o
LOAD build/default/production/_ext/1349076522/ip4.o
LOAD build/default/production/_ext/1349076522/ip4_addr.o
LOAD build/default/production/_ext/1349076522/ip4_frag.o
LOAD build/default/production/_ext/1349076524/dhcp6.o
LOAD build/default/production/_ext/1349076524/ethip6.o
LOAD build/default/production/_ext/1349076524/icmp6.o
LOAD build/default/production/_ext/1349076524/inet6.o
LOAD build/default/production/_ext/1349076524/ip6.o
LOAD build/default/production/_ext/1349076524/ip6_addr.o
LOAD build/default/production/_ext/1349076524/ip6_frag.o
LOAD build/default/production/_ext/1349076524/mld6.o
LOAD build/default/production/_ext/1349076524/nd6.o
LOAD build/default/production/_ext/1264479574/mem.o
LOAD build/default/production/_ext/1264479574/memp.o
LOAD build/default/production/_ext/1264479574/netif.o
LOAD build/default/production/_ext/1264479574/pbuf.o
LOAD build/default/production/_ext/1264479574/raw.o
LOAD build/default/production/_ext/1264479574/stats.o
LOAD build/default/production/_ext/1264479574/sys.o
LOAD build/default/production/_ext/1264479574/tcp.o
LOAD build/default/production/_ext/1264479574/tcp_in.o
LOAD build/default/production/_ext/1264479574/tcp_out.o
LOAD build/default/production/_ext/1264479574/timeouts.o
LOAD build/default/production/_ext/1264479574/udp.o
LOAD build/default/production/_ext/534298161/bridgeif.o
LOAD build/default/production/_ext/534298161/bridgeif_fdb.o
LOAD build/default/production/_ext/534298161/ethernet.o
LOAD build/default/production/_ext/534298161/lowpan6.o
LOAD build/default/production/_ext/534298161/lowpan6_ble.o
LOAD build/default/production/_ext/534298161/lowpan6_common.o
LOAD build/default/production/_ext/337302064/auth.o
LOAD build/default/production/_ext/337302064/ccp.o
LOAD build/default/production/_ext/337302064/chap-md5.o
LOAD build/default/production/_ext/337302064/chap-new.o
LOAD build/default/production/_ext/337302064/chap_ms.o
LOAD build/default/production/_ext/337302064/demand.o
LOAD build/default/production/_ext/337302064/eap.o
LOAD build/default/production/_ext/337302064/ecp.o
LOAD build/default/production/_ext/337302064/eui64.o
LOAD build/default/production/_ext/337302064/fsm.o
LOAD build/default/production/_ext/337302064/ipcp.o
LOAD build/default/production/_ext/337302064/ipv6cp.o
LOAD build/default/production/_ext/337302064/lcp.o
LOAD build/default/production/_ext/337302064/magic.o
LOAD build/default/production/_ext/337302064/mppe.o
LOAD build/default/production/_ext/337302064/multilink.o
LOAD build/default/production/_ext/1316369165/arc4.o
LOAD build/default/production/_ext/1316369165/des.o
LOAD build/default/production/_ext/1316369165/md4.o
LOAD build/default/production/_ext/1316369165/md5.o
LOAD build/default/production/_ext/1316369165/sha1.o
LOAD build/default/production/_ext/337302064/ppp.o
LOAD build/default/production/_ext/337302064/pppapi.o
LOAD build/default/production/_ext/337302064/pppcrypt.o
LOAD build/default/production/_ext/337302064/pppoe.o
LOAD build/default/production/_ext/337302064/pppol2tp.o
LOAD build/default/production/_ext/337302064/pppos.o
LOAD build/default/production/_ext/337302064/upap.o
LOAD build/default/production/_ext/337302064/utils.o
LOAD build/default/production/_ext/337302064/vj.o
LOAD build/default/production/_ext/534298161/slipif.o
LOAD build/default/production/_ext/534298161/zepif.o
LOAD build/default/production/_ext/35151586/audio_device.o
LOAD build/default/production/_ext/1439067038/bth_device.o
LOAD build/default/production/_ext/1439066578/cdc_device.o
LOAD build/default/production/_ext/1439066578/cdc_host.o
LOAD build/default/production/_ext/1439065537/dfu_device.o
LOAD build/default/production/_ext/1439065537/dfu_rt_device.o
LOAD build/default/production/_ext/1439061617/hid_device.o
LOAD build/default/production/_ext/1439061617/hid_host.o
LOAD build/default/production/_ext/1661088107/midi_device.o
LOAD build/default/production/_ext/1661088107/midi_host.o
LOAD build/default/production/_ext/1439056503/msc_device.o
LOAD build/default/production/_ext/1439056503/msc_host.o
LOAD build/default/production/_ext/1439056459/mtp_device.o
LOAD build/default/production/_ext/1439055959/ecm_rndis_device.o
LOAD build/default/production/_ext/1439055959/ncm_device.o
LOAD build/default/production/_ext/1660386170/usbtmc_device.o
LOAD build/default/production/_ext/1676428220/vendor_device.o
LOAD build/default/production/_ext/1676428220/vendor_host.o
LOAD build/default/production/_ext/54187911/video_device.o
LOAD build/default/production/_ext/761407912/tusb_fifo.o
LOAD build/default/production/_ext/781065747/usbd.o
LOAD build/default/production/_ext/781065747/usbd_control.o
LOAD build/default/production/_ext/832225445/hub.o
LOAD build/default/production/_ext/832225445/usbh.o
LOAD build/default/production/_ext/1815088828/hcd_max3421.o
LOAD build/default/production/_ext/256384106/dcd_ft9xx.o
LOAD build/default/production/_ext/876141423/dcd_ci_fs.o
LOAD build/default/production/_ext/876141361/dcd_ci_hs.o
LOAD build/default/production/_ext/876141361/hcd_ci_hs.o
LOAD build/default/production/_ext/1992673882/dcd_da146xx.o
LOAD build/default/production/_ext/1432889888/ehci.o
LOAD build/default/production/_ext/2010713650/dcd_musb.o
LOAD build/default/production/_ext/2010713650/hcd_musb.o
LOAD build/default/production/_ext/2093936272/dcd_samx7x.o
LOAD build/default/production/_ext/1756924143/dcd_mm32f327x_otg.o
LOAD build/default/production/_ext/1501477850/dcd_nrf5x.o
LOAD build/default/production/_ext/144572742/dcd_nuc120.o
LOAD build/default/production/_ext/144572743/dcd_nuc121.o
LOAD build/default/production/_ext/144576529/dcd_nuc505.o
LOAD build/default/production/_ext/1148959389/dcd_khci.o
LOAD build/default/production/_ext/1148959389/hcd_khci.o
LOAD build/default/production/_ext/929376790/dcd_lpc17_40.o
LOAD build/default/production/_ext/899472023/dcd_lpc_ip3511.o
LOAD build/default/production/_ext/1433187798/ohci.o
LOAD build/default/production/_ext/1136298024/dcd_pio_usb.o
LOAD build/default/production/_ext/1136298024/hcd_pio_usb.o
LOAD build/default/production/_ext/163751003/dcd_rp2040.o
LOAD build/default/production/_ext/163751003/hcd_rp2040.o
LOAD build/default/production/_ext/163751003/rp2040_usb.o
LOAD build/default/production/_ext/2134692843/dcd_rusb2.o
LOAD build/default/production/_ext/2134692843/hcd_rusb2.o
LOAD build/default/production/_ext/2134692843/rusb2_common.o
LOAD build/default/production/_ext/1900358881/dcd_cxd56.o
LOAD build/default/production/_ext/530468573/dcd_stm32_fsdev.o
LOAD build/default/production/_ext/530468573/fsdev_common.o
LOAD build/default/production/_ext/530468573/hcd_stm32_fsdev.o
LOAD build/default/production/_ext/2076636782/typec_stm32.o
LOAD build/default/production/_ext/1483241286/dcd_sunxi_musb.o
LOAD build/default/production/_ext/758874186/dcd_dwc2.o
LOAD build/default/production/_ext/758874186/dwc2_common.o
LOAD build/default/production/_ext/758874186/hcd_dwc2.o
LOAD build/default/production/_ext/1009432273/dcd_template.o
LOAD build/default/production/_ext/1009432273/hcd_template.o
LOAD build/default/production/_ext/1890701145/dcd_msp430x5xx.o
LOAD build/default/production/_ext/981558915/dcd_eptri.o
LOAD build/default/production/_ext/2124449381/dcd_ch32_usbfs.o
LOAD build/default/production/_ext/2124449381/dcd_ch32_usbhs.o
LOAD build/default/production/_ext/2124449381/hcd_ch32_usbfs.o
LOAD build/default/production/_ext/1119931634/tusb.o
LOAD build/default/production/_ext/40561932/usbc.o
LOAD build/default/production/_ext/1017385999/sys_arch.o
                0x00000001                        __MPLAB_BUILD = 0x1
                0x00600000                        __rom_end = (ORIGIN (rom) + LENGTH (rom))
                0x20460000                        __ram_end = (ORIGIN (ram) + LENGTH (ram))

.vectors        0x00400000      0x168
                0x00400000                        . = ALIGN (0x4)
                0x00400000                        _sfixed = .
 *(.vectors .vectors.* .vectors_default .vectors_default.*)
 .vectors       0x00400000      0x168 build/default/production/_ext/1171490990/interrupts.o
                0x00400000                exception_table
 *(.isr_vector)
 *(.reset*)
 *(.after_vectors)

.text           0x00400168       0x20
                0x00400168                        . = ALIGN (0x4)
 *(.glue_7t)
 .glue_7t       0x00400168        0x0 linker stubs
 *(.glue_7)
 .glue_7        0x00400168        0x0 linker stubs
 *(.gnu.linkonce.r.*)
 *(.ARM.extab* .gnu.linkonce.armextab.*)
                0x00400168                        . = ALIGN (0x4)
 *(.init)
 .init          0x00400168        0x4 C:/Program Files/Microchip/xc32/v5.00/bin/bin/../../lib/gcc/pic32c/13.2.1/thumb/v7e-m+dp/hard/crti.o
                0x00400168                _init
 .init          0x0040016c        0x8 C:/Program Files/Microchip/xc32/v5.00/bin/bin/../../lib/gcc/pic32c/13.2.1/thumb/v7e-m+dp/hard/crtn.o
                0x00400174                        . = ALIGN (0x4)
                0x00400174                        __preinit_array_start = .
 *(.preinit_array)
                0x00400174                        __preinit_array_end = .
                0x00400174                        . = ALIGN (0x4)
                0x00400174                        __init_array_start = .
 *(SORT_BY_NAME(.init_array.*))
 *(.init_array)
 .init_array    0x00400174        0x4 C:/Program Files/Microchip/xc32/v5.00/bin/bin/../../lib/gcc/pic32c/13.2.1/thumb/v7e-m+dp/hard/crtbegin.o
                0x00400178                        __init_array_end = .
                0x00400178                        . = ALIGN (0x4)
 *crtbegin.o(.ctors)
 *(EXCLUDE_FILE(*crtend.o) .ctors)
 *(SORT_BY_NAME(.ctors.*))
 *crtend.o(.ctors)
                0x00400178                        . = ALIGN (0x4)
 *(.fini)
 .fini          0x00400178        0x4 C:/Program Files/Microchip/xc32/v5.00/bin/bin/../../lib/gcc/pic32c/13.2.1/thumb/v7e-m+dp/hard/crti.o
                0x00400178                _fini
 .fini          0x0040017c        0x8 C:/Program Files/Microchip/xc32/v5.00/bin/bin/../../lib/gcc/pic32c/13.2.1/thumb/v7e-m+dp/hard/crtn.o
                0x00400184                        . = ALIGN (0x4)
                0x00400184                        __fini_array_start = .
 *(.fini_array)
 .fini_array    0x00400184        0x4 C:/Program Files/Microchip/xc32/v5.00/bin/bin/../../lib/gcc/pic32c/13.2.1/thumb/v7e-m+dp/hard/crtbegin.o
 *(SORT_BY_NAME(.fini_array.*))
                0x00400188                        __fini_array_end = .
 *crtbegin.o(.dtors)
 *(EXCLUDE_FILE(*crtend.o) .dtors)
 *(SORT_BY_NAME(.dtors.*))
 *crtend.o(.dtors)
                0x00400188                        . = ALIGN (0x4)
                0x00400188                        _efixed = .
                [!provide]                        PROVIDE (__exidx_start = .)

.ARM.exidx      0x00400188        0x8
 *(.ARM.exidx* .gnu.linkonce.armexidx.*)
 .ARM.exidx     0x00400188        0x8 C:/Program Files/Microchip/xc32/v5.00/bin/bin/../../lib/gcc/pic32c/13.2.1/thumb/v7e-m+dp/hard\libgcc.a(_udivmoddi4.o)
                [!provide]                        PROVIDE (__exidx_end = .)
                0x00400190                        . = ALIGN (0x4)
                0x00400190                        _etext = .

.bss            0x20400000        0x0
                0x20400000                        . = ALIGN (0x4)
                0x20400000                        __bss_start__ = .
                0x20400000                        _sbss = .
                0x20400000                        _szero = .
 *(COMMON)
                0x20400000                        . = ALIGN (0x4)
                0x20400000                        __bss_end__ = .
                0x20400000                        _ebss = .
                0x20400000                        _ezero = .
                0x20400000                        . = ALIGN (0x4)
                0x20400000                        _end = .
                0x2045ffff                        _ram_end_ = ((ORIGIN (ram) + LENGTH (ram)) - 0x1)
                0x00000200                        _min_heap_size = 0x200
START GROUP
LOAD C:/Program Files/Microchip/xc32/v5.00/bin/bin/../../lib/gcc/pic32c/13.2.1/../../../../pic32c/lib/thumb/v7e-m+dp/hard\libpic32c.a
LOAD C:/Program Files/Microchip/xc32/v5.00/bin/bin/../../lib/gcc/pic32c/13.2.1/../../../../pic32c/lib/thumb/v7e-m+dp/hard\libc-size-musl.a
LOAD C:/Program Files/Microchip/xc32/v5.00/bin/bin/../../lib/gcc/pic32c/13.2.1/../../../../pic32c/lib/thumb/v7e-m+dp/hard\liblmalloc-musl.a
LOAD C:/Program Files/Microchip/xc32/v5.00/bin/bin/../../lib/gcc/pic32c/13.2.1/../../../../pic32c/lib/thumb/v7e-m+dp/hard\libc-musl.a
LOAD C:/Program Files/Microchip/xc32/v5.00/bin/bin/../../lib/gcc/pic32c/13.2.1/../../../../pic32c/lib/thumb/v7e-m+dp/hard\libm-fast-emfloat.a
LOAD C:/Program Files/Microchip/xc32/v5.00/bin/bin/../../lib/gcc/pic32c/13.2.1/../../../../pic32c/lib/thumb/v7e-m+dp/hard\libm-musl.a
END GROUP
LOAD C:/Program Files/Microchip/xc32/v5.00/bin/bin/../../lib/gcc/pic32c/13.2.1/thumb/v7e-m+dp/hard\libgcc.a
LOAD C:/Program Files/Microchip/xc32/v5.00/bin/bin/../../lib/gcc/pic32c/13.2.1/thumb/v7e-m+dp/hard/crtend.o
LOAD C:/Program Files/Microchip/xc32/v5.00/bin/bin/../../lib/gcc/pic32c/13.2.1/thumb/v7e-m+dp/hard/crtn.o
OUTPUT(dist/default/production/03_FreeRTOS.X.production.elf elf32-littlearm)
LOAD linker stubs
LOAD data_init

.note           0x00000000     0x1bc0
 .note          0x00000000       0x18 C:/Program Files/Microchip/xc32/v5.00/bin/bin/../../lib/gcc/pic32c/13.2.1/thumb/v7e-m+dp/hard/crti.o
 .note          0x00000018       0x18 C:/Program Files/Microchip/xc32/v5.00/bin/bin/../../lib/gcc/pic32c/13.2.1/thumb/v7e-m+dp/hard/crtbegin.o
 .note          0x00000030       0x18 build/default/production/_ext/60165520/plib_clk.o
 .note          0x00000048       0x18 build/default/production/_ext/60167248/plib_efc.o
 .note          0x00000060       0x18 build/default/production/_ext/1865468468/plib_nvic.o
 .note          0x00000078       0x18 build/default/production/_ext/60177924/plib_pio.o
 .note          0x00000090       0x18 build/default/production/_ext/1827571544/plib_systick.o
 .note          0x000000a8       0x18 build/default/production/_ext/829342655/plib_tc3.o
 .note          0x000000c0       0x18 build/default/production/_ext/1865657120/plib_uart2.o
 .note          0x000000d8       0x18 build/default/production/_ext/163028504/xc32_monitor.o
 .note          0x000000f0       0x48 build/default/production/_ext/1171490990/initialization.o
 .note          0x00000138       0x18 build/default/production/_ext/1171490990/interrupts.o
 .note          0x00000150       0x18 build/default/production/_ext/1171490990/exceptions.o
 .note          0x00000168       0x18 build/default/production/_ext/1171490990/startup_xc32.o
 .note          0x00000180       0x18 build/default/production/_ext/1171490990/libc_syscalls.o
 .note          0x00000198       0x18 build/default/production/_ext/249897560/boot_manager.o
 .note          0x000001b0       0x18 build/default/production/_ext/1778509306/os.o
 .note          0x000001c8       0x18 build/default/production/_ext/1134253236/simple_shield.o
 .note          0x000001e0       0x18 build/default/production/_ext/667517761/cli_command.o
 .note          0x000001f8       0x18 build/default/production/_ext/818259185/cli_setup.o
 .note          0x00000210       0x18 build/default/production/_ext/1422079320/embedded_cli.o
 .note          0x00000228       0x18 build/default/production/_ext/216470852/uart_dma.o
 .note          0x00000240       0x18 build/default/production/_ext/216470852/uart_irq.o
 .note          0x00000258       0x18 build/default/production/_ext/1908456078/port.o
 .note          0x00000270       0x18 build/default/production/_ext/1562497596/heap_4.o
 .note          0x00000288       0x18 build/default/production/_ext/502845695/croutine.o
 .note          0x000002a0       0x18 build/default/production/_ext/502845695/event_groups.o
 .note          0x000002b8       0x18 build/default/production/_ext/502845695/list.o
 .note          0x000002d0       0x18 build/default/production/_ext/502845695/queue.o
 .note          0x000002e8       0x18 build/default/production/_ext/502845695/stream_buffer.o
 .note          0x00000300       0x18 build/default/production/_ext/502845695/tasks.o
 .note          0x00000318       0x18 build/default/production/_ext/502845695/timers.o
 .note          0x00000330       0x18 build/default/production/_ext/697864676/date_time.o
 .note          0x00000348       0x18 build/default/production/_ext/1260377903/ring_buffer.o
 .note          0x00000360       0x18 build/default/production/_ext/1226835810/tick.o
 .note          0x00000378       0x18 build/default/production/_ext/1360937237/ATSAMV71cm7_it.o
 .note          0x00000390       0x18 build/default/production/_ext/1360937237/main.o
 .note          0x000003a8       0x18 build/default/production/_ext/30620426/app_cli.o
 .note          0x000003c0       0x18 build/default/production/_ext/1525186148/app_alive.o
 .note          0x000003d8       0x18 build/default/production/_ext/1026660007/app_root.o
 .note          0x000003f0       0x18 build/default/production/_ext/1225992677/prnf.o
 .note          0x00000408       0x18 build/default/production/_ext/1918720202/app_logging.o
 .note          0x00000420       0x18 build/default/production/_ext/1798135708/dmesg.o
 .note          0x00000438       0x18 build/default/production/_ext/245638732/fast_ipc.o
 .note          0x00000450       0x18 build/default/production/_ext/751336192/xlog.o
 .note          0x00000468       0x18 build/default/production/_ext/1389938436/app_network.o
 .note          0x00000480       0x18 build/default/production/_ext/30602918/app_usb.o
 .note          0x00000498       0x18 build/default/production/_ext/783082040/board_api.o
 .note          0x000004b0       0x18 build/default/production/_ext/783082040/usb_descriptors.o
 .note          0x000004c8       0x18 build/default/production/_ext/2037418415/api_lib.o
 .note          0x000004e0       0x18 build/default/production/_ext/2037418415/api_msg.o
 .note          0x000004f8       0x18 build/default/production/_ext/2037418415/err.o
 .note          0x00000510       0x18 build/default/production/_ext/2037418415/if_api.o
 .note          0x00000528       0x18 build/default/production/_ext/2037418415/netbuf.o
 .note          0x00000540       0x18 build/default/production/_ext/2037418415/netdb.o
 .note          0x00000558       0x18 build/default/production/_ext/2037418415/netifapi.o
 .note          0x00000570       0x18 build/default/production/_ext/2037418415/sockets.o
 .note          0x00000588       0x18 build/default/production/_ext/2037418415/tcpip.o
 .note          0x000005a0       0x18 build/default/production/_ext/790253312/altcp_tls_mbedtls.o
 .note          0x000005b8       0x18 build/default/production/_ext/790253312/altcp_tls_mbedtls_mem.o
 .note          0x000005d0       0x18 build/default/production/_ext/1037603290/altcp_proxyconnect.o
 .note          0x000005e8       0x18 build/default/production/_ext/1037603290/fs.o
 .note          0x00000600       0x18 build/default/production/_ext/1037603290/httpd.o
 .note          0x00000618       0x18 build/default/production/_ext/1037603290/http_client.o
 .note          0x00000630       0x18 build/default/production/_ext/309140075/lwiperf.o
 .note          0x00000648       0x18 build/default/production/_ext/1037736686/mdns.o
 .note          0x00000660       0x18 build/default/production/_ext/1037749366/mqtt.o
 .note          0x00000678       0x18 build/default/production/_ext/581206725/netbiosns.o
 .note          0x00000690       0x18 build/default/production/_ext/1037924264/smtp.o
 .note          0x000006a8       0x18 build/default/production/_ext/1037925008/snmpv3.o
 .note          0x000006c0       0x18 build/default/production/_ext/1037925008/snmpv3_mbedtls.o
 .note          0x000006d8       0x18 build/default/production/_ext/1037925008/snmp_asn1.o
 .note          0x000006f0       0x18 build/default/production/_ext/1037925008/snmp_core.o
 .note          0x00000708       0x18 build/default/production/_ext/1037925008/snmp_mib2.o
 .note          0x00000720       0x18 build/default/production/_ext/1037925008/snmp_mib2_icmp.o
 .note          0x00000738       0x18 build/default/production/_ext/1037925008/snmp_mib2_interfaces.o
 .note          0x00000750       0x18 build/default/production/_ext/1037925008/snmp_mib2_ip.o
 .note          0x00000768       0x18 build/default/production/_ext/1037925008/snmp_mib2_snmp.o
 .note          0x00000780       0x18 build/default/production/_ext/1037925008/snmp_mib2_system.o
 .note          0x00000798       0x18 build/default/production/_ext/1037925008/snmp_mib2_tcp.o
 .note          0x000007b0       0x18 build/default/production/_ext/1037925008/snmp_mib2_udp.o
 .note          0x000007c8       0x18 build/default/production/_ext/1037925008/snmp_msg.o
 .note          0x000007e0       0x18 build/default/production/_ext/1037925008/snmp_netconn.o
 .note          0x000007f8       0x18 build/default/production/_ext/1037925008/snmp_pbuf_stream.o
 .note          0x00000810       0x18 build/default/production/_ext/1037925008/snmp_raw.o
 .note          0x00000828       0x18 build/default/production/_ext/1037925008/snmp_scalar.o
 .note          0x00000840       0x18 build/default/production/_ext/1037925008/snmp_snmpv2_framework.o
 .note          0x00000858       0x18 build/default/production/_ext/1037925008/snmp_snmpv2_usm.o
 .note          0x00000870       0x18 build/default/production/_ext/1037925008/snmp_table.o
 .note          0x00000888       0x18 build/default/production/_ext/1037925008/snmp_threadsync.o
 .note          0x000008a0       0x18 build/default/production/_ext/1037925008/snmp_traps.o
 .note          0x000008b8       0x18 build/default/production/_ext/1037925225/sntp.o
 .note          0x000008d0       0x18 build/default/production/_ext/1037947328/tftp_server.o
 .note          0x000008e8       0x18 build/default/production/_ext/1264479574/altcp.o
 .note          0x00000900       0x18 build/default/production/_ext/1264479574/altcp_alloc.o
 .note          0x00000918       0x18 build/default/production/_ext/1264479574/altcp_tcp.o
 .note          0x00000930       0x18 build/default/production/_ext/1264479574/def.o
 .note          0x00000948       0x18 build/default/production/_ext/1264479574/dns.o
 .note          0x00000960       0x18 build/default/production/_ext/1264479574/inet_chksum.o
 .note          0x00000978       0x18 build/default/production/_ext/1264479574/init.o
 .note          0x00000990       0x18 build/default/production/_ext/1264479574/ip.o
 .note          0x000009a8       0x18 build/default/production/_ext/1349076522/autoip.o
 .note          0x000009c0       0x18 build/default/production/_ext/1349076522/dhcp.o
 .note          0x000009d8       0x18 build/default/production/_ext/1349076522/etharp.o
 .note          0x000009f0       0x18 build/default/production/_ext/1349076522/icmp.o
 .note          0x00000a08       0x18 build/default/production/_ext/1349076522/igmp.o
 .note          0x00000a20       0x18 build/default/production/_ext/1349076522/ip4.o
 .note          0x00000a38       0x18 build/default/production/_ext/1349076522/ip4_addr.o
 .note          0x00000a50       0x18 build/default/production/_ext/1349076522/ip4_frag.o
 .note          0x00000a68       0x18 build/default/production/_ext/1349076524/dhcp6.o
 .note          0x00000a80       0x18 build/default/production/_ext/1349076524/ethip6.o
 .note          0x00000a98       0x18 build/default/production/_ext/1349076524/icmp6.o
 .note          0x00000ab0       0x18 build/default/production/_ext/1349076524/inet6.o
 .note          0x00000ac8       0x18 build/default/production/_ext/1349076524/ip6.o
 .note          0x00000ae0       0x18 build/default/production/_ext/1349076524/ip6_addr.o
 .note          0x00000af8       0x18 build/default/production/_ext/1349076524/ip6_frag.o
 .note          0x00000b10       0x18 build/default/production/_ext/1349076524/mld6.o
 .note          0x00000b28       0x18 build/default/production/_ext/1349076524/nd6.o
 .note          0x00000b40       0x18 build/default/production/_ext/1264479574/mem.o
 .note          0x00000b58       0x18 build/default/production/_ext/1264479574/memp.o
 .note          0x00000b70       0x18 build/default/production/_ext/1264479574/netif.o
 .note          0x00000b88       0x18 build/default/production/_ext/1264479574/pbuf.o
 .note          0x00000ba0       0x18 build/default/production/_ext/1264479574/raw.o
 .note          0x00000bb8       0x18 build/default/production/_ext/1264479574/stats.o
 .note          0x00000bd0       0x18 build/default/production/_ext/1264479574/sys.o
 .note          0x00000be8       0x18 build/default/production/_ext/1264479574/tcp.o
 .note          0x00000c00       0x18 build/default/production/_ext/1264479574/tcp_in.o
 .note          0x00000c18       0x18 build/default/production/_ext/1264479574/tcp_out.o
 .note          0x00000c30       0x18 build/default/production/_ext/1264479574/timeouts.o
 .note          0x00000c48       0x18 build/default/production/_ext/1264479574/udp.o
 .note          0x00000c60       0x18 build/default/production/_ext/534298161/bridgeif.o
 .note          0x00000c78       0x18 build/default/production/_ext/534298161/bridgeif_fdb.o
 .note          0x00000c90       0x18 build/default/production/_ext/534298161/ethernet.o
 .note          0x00000ca8       0x18 build/default/production/_ext/534298161/lowpan6.o
 .note          0x00000cc0       0x18 build/default/production/_ext/534298161/lowpan6_ble.o
 .note          0x00000cd8       0x18 build/default/production/_ext/534298161/lowpan6_common.o
 .note          0x00000cf0       0x18 build/default/production/_ext/337302064/auth.o
 .note          0x00000d08       0x18 build/default/production/_ext/337302064/ccp.o
 .note          0x00000d20       0x18 build/default/production/_ext/337302064/chap-md5.o
 .note          0x00000d38       0x18 build/default/production/_ext/337302064/chap-new.o
 .note          0x00000d50       0x18 build/default/production/_ext/337302064/chap_ms.o
 .note          0x00000d68       0x18 build/default/production/_ext/337302064/demand.o
 .note          0x00000d80       0x18 build/default/production/_ext/337302064/eap.o
 .note          0x00000d98       0x18 build/default/production/_ext/337302064/ecp.o
 .note          0x00000db0       0x18 build/default/production/_ext/337302064/eui64.o
 .note          0x00000dc8       0x18 build/default/production/_ext/337302064/fsm.o
 .note          0x00000de0       0x18 build/default/production/_ext/337302064/ipcp.o
 .note          0x00000df8       0x18 build/default/production/_ext/337302064/ipv6cp.o
 .note          0x00000e10       0x18 build/default/production/_ext/337302064/lcp.o
 .note          0x00000e28       0x18 build/default/production/_ext/337302064/magic.o
 .note          0x00000e40       0x18 build/default/production/_ext/337302064/mppe.o
 .note          0x00000e58       0x18 build/default/production/_ext/337302064/multilink.o
 .note          0x00000e70       0x18 build/default/production/_ext/1316369165/arc4.o
 .note          0x00000e88       0x18 build/default/production/_ext/1316369165/des.o
 .note          0x00000ea0       0x18 build/default/production/_ext/1316369165/md4.o
 .note          0x00000eb8       0x18 build/default/production/_ext/1316369165/md5.o
 .note          0x00000ed0       0x18 build/default/production/_ext/1316369165/sha1.o
 .note          0x00000ee8       0x18 build/default/production/_ext/337302064/ppp.o
 .note          0x00000f00       0x18 build/default/production/_ext/337302064/pppapi.o
 .note          0x00000f18       0x18 build/default/production/_ext/337302064/pppcrypt.o
 .note          0x00000f30       0x18 build/default/production/_ext/337302064/pppoe.o
 .note          0x00000f48       0x18 build/default/production/_ext/337302064/pppol2tp.o
 .note          0x00000f60       0x18 build/default/production/_ext/337302064/pppos.o
 .note          0x00000f78       0x18 build/default/production/_ext/337302064/upap.o
 .note          0x00000f90       0x18 build/default/production/_ext/337302064/utils.o
 .note          0x00000fa8       0x18 build/default/production/_ext/337302064/vj.o
 .note          0x00000fc0       0x18 build/default/production/_ext/534298161/slipif.o
 .note          0x00000fd8       0x18 build/default/production/_ext/534298161/zepif.o
 .note          0x00000ff0       0x18 build/default/production/_ext/35151586/audio_device.o
 .note          0x00001008       0x18 build/default/production/_ext/1439067038/bth_device.o
 .note          0x00001020       0x18 build/default/production/_ext/1439066578/cdc_device.o
 .note          0x00001038       0x18 build/default/production/_ext/1439066578/cdc_host.o
 .note          0x00001050       0x18 build/default/production/_ext/1439065537/dfu_device.o
 .note          0x00001068       0x18 build/default/production/_ext/1439065537/dfu_rt_device.o
 .note          0x00001080       0x18 build/default/production/_ext/1439061617/hid_device.o
 .note          0x00001098       0x18 build/default/production/_ext/1439061617/hid_host.o
 .note          0x000010b0       0x18 build/default/production/_ext/1661088107/midi_device.o
 .note          0x000010c8       0x18 build/default/production/_ext/1661088107/midi_host.o
 .note          0x000010e0       0x18 build/default/production/_ext/1439056503/msc_device.o
 .note          0x000010f8       0x18 build/default/production/_ext/1439056503/msc_host.o
 .note          0x00001110       0x18 build/default/production/_ext/1439056459/mtp_device.o
 .note          0x00001128       0x18 build/default/production/_ext/1439055959/ecm_rndis_device.o
 .note          0x00001140       0x18 build/default/production/_ext/1439055959/ncm_device.o
 .note          0x00001158       0x18 build/default/production/_ext/1660386170/usbtmc_device.o
 .note          0x00001170       0x18 build/default/production/_ext/1676428220/vendor_device.o
 .note          0x00001188       0x18 build/default/production/_ext/1676428220/vendor_host.o
 .note          0x000011a0       0x18 build/default/production/_ext/54187911/video_device.o
 .note          0x000011b8       0x18 build/default/production/_ext/761407912/tusb_fifo.o
 .note          0x000011d0       0x18 build/default/production/_ext/781065747/usbd.o
 .note          0x000011e8       0x18 build/default/production/_ext/781065747/usbd_control.o
 .note          0x00001200       0x18 build/default/production/_ext/832225445/hub.o
 .note          0x00001218       0x18 build/default/production/_ext/832225445/usbh.o
 .note          0x00001230       0x18 build/default/production/_ext/1815088828/hcd_max3421.o
 .note          0x00001248       0x18 build/default/production/_ext/256384106/dcd_ft9xx.o
 .note          0x00001260       0x18 build/default/production/_ext/876141423/dcd_ci_fs.o
 .note          0x00001278       0x18 build/default/production/_ext/876141361/dcd_ci_hs.o
 .note          0x00001290       0x18 build/default/production/_ext/876141361/hcd_ci_hs.o
 .note          0x000012a8       0x18 build/default/production/_ext/1992673882/dcd_da146xx.o
 .note          0x000012c0       0x18 build/default/production/_ext/1432889888/ehci.o
 .note          0x000012d8       0x18 build/default/production/_ext/2010713650/dcd_musb.o
 .note          0x000012f0       0x18 build/default/production/_ext/2010713650/hcd_musb.o
 .note          0x00001308       0x18 build/default/production/_ext/2093936272/dcd_samx7x.o
 .note          0x00001320       0x18 build/default/production/_ext/1756924143/dcd_mm32f327x_otg.o
 .note          0x00001338       0x18 build/default/production/_ext/1501477850/dcd_nrf5x.o
 .note          0x00001350       0x18 build/default/production/_ext/144572742/dcd_nuc120.o
 .note          0x00001368       0x18 build/default/production/_ext/144572743/dcd_nuc121.o
 .note          0x00001380       0x18 build/default/production/_ext/144576529/dcd_nuc505.o
 .note          0x00001398       0x18 build/default/production/_ext/1148959389/dcd_khci.o
 .note          0x000013b0       0x18 build/default/production/_ext/1148959389/hcd_khci.o
 .note          0x000013c8       0x18 build/default/production/_ext/929376790/dcd_lpc17_40.o
 .note          0x000013e0       0x18 build/default/production/_ext/899472023/dcd_lpc_ip3511.o
 .note          0x000013f8       0x18 build/default/production/_ext/1433187798/ohci.o
 .note          0x00001410       0x18 build/default/production/_ext/1136298024/dcd_pio_usb.o
 .note          0x00001428       0x18 build/default/production/_ext/1136298024/hcd_pio_usb.o
 .note          0x00001440       0x18 build/default/production/_ext/163751003/dcd_rp2040.o
 .note          0x00001458       0x18 build/default/production/_ext/163751003/hcd_rp2040.o
 .note          0x00001470       0x18 build/default/production/_ext/163751003/rp2040_usb.o
 .note          0x00001488       0x18 build/default/production/_ext/2134692843/dcd_rusb2.o
 .note          0x000014a0       0x18 build/default/production/_ext/2134692843/hcd_rusb2.o
 .note          0x000014b8       0x18 build/default/production/_ext/2134692843/rusb2_common.o
 .note          0x000014d0       0x18 build/default/production/_ext/1900358881/dcd_cxd56.o
 .note          0x000014e8       0x18 build/default/production/_ext/530468573/dcd_stm32_fsdev.o
 .note          0x00001500       0x18 build/default/production/_ext/530468573/fsdev_common.o
 .note          0x00001518       0x18 build/default/production/_ext/530468573/hcd_stm32_fsdev.o
 .note          0x00001530       0x18 build/default/production/_ext/2076636782/typec_stm32.o
 .note          0x00001548       0x18 build/default/production/_ext/1483241286/dcd_sunxi_musb.o
 .note          0x00001560       0x18 build/default/production/_ext/758874186/dcd_dwc2.o
 .note          0x00001578       0x18 build/default/production/_ext/758874186/dwc2_common.o
 .note          0x00001590       0x18 build/default/production/_ext/758874186/hcd_dwc2.o
 .note          0x000015a8       0x18 build/default/production/_ext/1009432273/dcd_template.o
 .note          0x000015c0       0x18 build/default/production/_ext/1009432273/hcd_template.o
 .note          0x000015d8       0x18 build/default/production/_ext/1890701145/dcd_msp430x5xx.o
 .note          0x000015f0       0x18 build/default/production/_ext/981558915/dcd_eptri.o
 .note          0x00001608       0x18 build/default/production/_ext/2124449381/dcd_ch32_usbfs.o
 .note          0x00001620       0x18 build/default/production/_ext/2124449381/dcd_ch32_usbhs.o
 .note          0x00001638       0x18 build/default/production/_ext/2124449381/hcd_ch32_usbfs.o
 .note          0x00001650       0x18 build/default/production/_ext/1119931634/tusb.o
 .note          0x00001668       0x18 build/default/production/_ext/40561932/usbc.o
 .note          0x00001680       0x18 build/default/production/_ext/1017385999/sys_arch.o
 .note          0x00001698       0x18 C:/Program Files/Microchip/xc32/v5.00/bin/bin/../../lib/gcc/pic32c/13.2.1/../../../../pic32c/lib/thumb/v7e-m+dp/hard\libpic32c.a(data_init.o)
 .note          0x000016b0       0x18 C:/Program Files/Microchip/xc32/v5.00/bin/bin/../../lib/gcc/pic32c/13.2.1/../../../../pic32c/lib/thumb/v7e-m+dp/hard\libpic32c.a(_write.o)
 .note          0x000016c8       0x18 C:/Program Files/Microchip/xc32/v5.00/bin/bin/../../lib/gcc/pic32c/13.2.1/../../../../pic32c/lib/thumb/v7e-m+dp/hard\libc-size-musl.a(memcmp.o)
 .note          0x000016e0       0x18 C:/Program Files/Microchip/xc32/v5.00/bin/bin/../../lib/gcc/pic32c/13.2.1/../../../../pic32c/lib/thumb/v7e-m+dp/hard\libc-size-musl.a(memcpy.o)
 .note          0x000016f8       0x18 C:/Program Files/Microchip/xc32/v5.00/bin/bin/../../lib/gcc/pic32c/13.2.1/../../../../pic32c/lib/thumb/v7e-m+dp/hard\libc-size-musl.a(memmove.o)
 .note          0x00001710       0x18 C:/Program Files/Microchip/xc32/v5.00/bin/bin/../../lib/gcc/pic32c/13.2.1/../../../../pic32c/lib/thumb/v7e-m+dp/hard\libc-size-musl.a(memset.o)
 .note          0x00001728       0x18 C:/Program Files/Microchip/xc32/v5.00/bin/bin/../../lib/gcc/pic32c/13.2.1/../../../../pic32c/lib/thumb/v7e-m+dp/hard\libc-size-musl.a(strlen.o)
 .note          0x00001740       0x18 C:/Program Files/Microchip/xc32/v5.00/bin/bin/../../lib/gcc/pic32c/13.2.1/../../../../pic32c/lib/thumb/v7e-m+dp/hard\libc-size-musl.a(strstr.o)
 .note          0x00001758       0x18 C:/Program Files/Microchip/xc32/v5.00/bin/bin/../../lib/gcc/pic32c/13.2.1/../../../../pic32c/lib/thumb/v7e-m+dp/hard\libc-size-musl.a(strchr.o)
 .note          0x00001770       0x18 C:/Program Files/Microchip/xc32/v5.00/bin/bin/../../lib/gcc/pic32c/13.2.1/../../../../pic32c/lib/thumb/v7e-m+dp/hard\libc-size-musl.a(strchrnul.o)
 .note          0x00001788       0x18 C:/Program Files/Microchip/xc32/v5.00/bin/bin/../../lib/gcc/pic32c/13.2.1/../../../../pic32c/lib/thumb/v7e-m+dp/hard\libc-size-musl.a(strcmp.o)
 .note          0x000017a0       0x18 C:/Program Files/Microchip/xc32/v5.00/bin/bin/../../lib/gcc/pic32c/13.2.1/../../../../pic32c/lib/thumb/v7e-m+dp/hard\libc-size-musl.a(strcpy.o)
 .note          0x000017b8       0x18 C:/Program Files/Microchip/xc32/v5.00/bin/bin/../../lib/gcc/pic32c/13.2.1/../../../../pic32c/lib/thumb/v7e-m+dp/hard\libc-size-musl.a(strncmp.o)
 .note          0x000017d0       0x18 C:/Program Files/Microchip/xc32/v5.00/bin/bin/../../lib/gcc/pic32c/13.2.1/../../../../pic32c/lib/thumb/v7e-m+dp/hard\libc-size-musl.a(strncpy.o)
 .note          0x000017e8       0x18 C:/Program Files/Microchip/xc32/v5.00/bin/bin/../../lib/gcc/pic32c/13.2.1/../../../../pic32c/lib/thumb/v7e-m+dp/hard\libc-size-musl.a(stpcpy.o)
 .note          0x00001800       0x18 C:/Program Files/Microchip/xc32/v5.00/bin/bin/../../lib/gcc/pic32c/13.2.1/../../../../pic32c/lib/thumb/v7e-m+dp/hard\libc-size-musl.a(stpncpy.o)
 .note          0x00001818       0x18 C:/Program Files/Microchip/xc32/v5.00/bin/bin/../../lib/gcc/pic32c/13.2.1/../../../../pic32c/lib/thumb/v7e-m+dp/hard\libc-musl.a(isxdigit.o)
 .note          0x00001830       0x18 C:/Program Files/Microchip/xc32/v5.00/bin/bin/../../lib/gcc/pic32c/13.2.1/../../../../pic32c/lib/thumb/v7e-m+dp/hard\libc-musl.a(toupper.o)
 .note          0x00001848       0x18 C:/Program Files/Microchip/xc32/v5.00/bin/bin/../../lib/gcc/pic32c/13.2.1/../../../../pic32c/lib/thumb/v7e-m+dp/hard\libc-musl.a(__libc_start_main.o)
 .note          0x00001860       0x18 C:/Program Files/Microchip/xc32/v5.00/bin/bin/../../lib/gcc/pic32c/13.2.1/../../../../pic32c/lib/thumb/v7e-m+dp/hard\libc-musl.a(libc.o)
 .note          0x00001878       0x18 C:/Program Files/Microchip/xc32/v5.00/bin/bin/../../lib/gcc/pic32c/13.2.1/../../../../pic32c/lib/thumb/v7e-m+dp/hard\libc-musl.a(vsnprintf.o)
 .note          0x00001890       0x18 C:/Program Files/Microchip/xc32/v5.00/bin/bin/../../lib/gcc/pic32c/13.2.1/../../../../pic32c/lib/thumb/v7e-m+dp/hard\libc-musl.a(snprintf.o)
 .note          0x000018a8       0x18 C:/Program Files/Microchip/xc32/v5.00/bin/bin/../../lib/gcc/pic32c/13.2.1/../../../../pic32c/lib/thumb/v7e-m+dp/hard\libc-musl.a(sprintf.o)
 .note          0x000018c0       0x18 C:/Program Files/Microchip/xc32/v5.00/bin/bin/../../lib/gcc/pic32c/13.2.1/../../../../pic32c/lib/thumb/v7e-m+dp/hard\libc-musl.a(vsprintf.o)
 .note          0x000018d8       0x18 C:/Program Files/Microchip/xc32/v5.00/bin/bin/../../lib/gcc/pic32c/13.2.1/../../../../pic32c/lib/thumb/v7e-m+dp/hard\libc-musl.a(atoi.o)
 .note          0x000018f0       0x18 C:/Program Files/Microchip/xc32/v5.00/bin/bin/../../lib/gcc/pic32c/13.2.1/../../../../pic32c/lib/thumb/v7e-m+dp/hard\libc-musl.a(strtol.o)
 .note          0x00001908       0x18 C:/Program Files/Microchip/xc32/v5.00/bin/bin/../../lib/gcc/pic32c/13.2.1/../../../../pic32c/lib/thumb/v7e-m+dp/hard\libc-musl.a(__environ.o)
 .note          0x00001920       0x18 C:/Program Files/Microchip/xc32/v5.00/bin/bin/../../lib/gcc/pic32c/13.2.1/../../../../pic32c/lib/thumb/v7e-m+dp/hard\libc-musl.a(__errno_location.o)
 .note          0x00001938       0x18 C:/Program Files/Microchip/xc32/v5.00/bin/bin/../../lib/gcc/pic32c/13.2.1/../../../../pic32c/lib/thumb/v7e-m+dp/hard\libc-musl.a(intscan.o)
 .note          0x00001950       0x18 C:/Program Files/Microchip/xc32/v5.00/bin/bin/../../lib/gcc/pic32c/13.2.1/../../../../pic32c/lib/thumb/v7e-m+dp/hard\libc-musl.a(shgetc.o)
 .note          0x00001968       0x18 C:/Program Files/Microchip/xc32/v5.00/bin/bin/../../lib/gcc/pic32c/13.2.1/../../../../pic32c/lib/thumb/v7e-m+dp/hard\libc-musl.a(__uflow.o)
 .note          0x00001980       0x18 C:/Program Files/Microchip/xc32/v5.00/bin/bin/../../lib/gcc/pic32c/13.2.1/../../../../pic32c/lib/thumb/v7e-m+dp/hard\libc-musl.a(vfprintf.o)
 .note          0x00001998       0x18 C:/Program Files/Microchip/xc32/v5.00/bin/bin/../../lib/gcc/pic32c/13.2.1/../../../../pic32c/lib/thumb/v7e-m+dp/hard\libc-musl.a(__toread.o)
 .note          0x000019b0       0x18 C:/Program Files/Microchip/xc32/v5.00/bin/bin/../../lib/gcc/pic32c/13.2.1/../../../../pic32c/lib/thumb/v7e-m+dp/hard\libc-musl.a(__io_fmt_needed.o)
 .note          0x000019c8       0x18 C:/Program Files/Microchip/xc32/v5.00/bin/bin/../../lib/gcc/pic32c/13.2.1/../../../../pic32c/lib/thumb/v7e-m+dp/hard\libc-musl.a(__pop_float.o)
 .note          0x000019e0       0x18 C:/Program Files/Microchip/xc32/v5.00/bin/bin/../../lib/gcc/pic32c/13.2.1/../../../../pic32c/lib/thumb/v7e-m+dp/hard\libc-musl.a(__pop_int.o)
 .note          0x000019f8       0x18 C:/Program Files/Microchip/xc32/v5.00/bin/bin/../../lib/gcc/pic32c/13.2.1/../../../../pic32c/lib/thumb/v7e-m+dp/hard\libc-musl.a(__pop_ptr.o)
 .note          0x00001a10       0x18 C:/Program Files/Microchip/xc32/v5.00/bin/bin/../../lib/gcc/pic32c/13.2.1/../../../../pic32c/lib/thumb/v7e-m+dp/hard\libc-musl.a(__printf_core.o)
 .note          0x00001a28       0x18 C:/Program Files/Microchip/xc32/v5.00/bin/bin/../../lib/gcc/pic32c/13.2.1/../../../../pic32c/lib/thumb/v7e-m+dp/hard\libc-musl.a(__stdio_exit.o)
 .note          0x00001a40       0x18 C:/Program Files/Microchip/xc32/v5.00/bin/bin/../../lib/gcc/pic32c/13.2.1/../../../../pic32c/lib/thumb/v7e-m+dp/hard\libc-musl.a(tolower.o)
 .note          0x00001a58       0x18 C:/Program Files/Microchip/xc32/v5.00/bin/bin/../../lib/gcc/pic32c/13.2.1/../../../../pic32c/lib/thumb/v7e-m+dp/hard\libc-musl.a(__fmt_a.o)
 .note          0x00001a70       0x18 C:/Program Files/Microchip/xc32/v5.00/bin/bin/../../lib/gcc/pic32c/13.2.1/../../../../pic32c/lib/thumb/v7e-m+dp/hard\libc-musl.a(__fmt_d.o)
 .note          0x00001a88       0x18 C:/Program Files/Microchip/xc32/v5.00/bin/bin/../../lib/gcc/pic32c/13.2.1/../../../../pic32c/lib/thumb/v7e-m+dp/hard\libc-musl.a(__fmt_fp.o)
 .note          0x00001aa0       0x18 C:/Program Files/Microchip/xc32/v5.00/bin/bin/../../lib/gcc/pic32c/13.2.1/../../../../pic32c/lib/thumb/v7e-m+dp/hard\libc-musl.a(__fmt_o.o)
 .note          0x00001ab8       0x18 C:/Program Files/Microchip/xc32/v5.00/bin/bin/../../lib/gcc/pic32c/13.2.1/../../../../pic32c/lib/thumb/v7e-m+dp/hard\libc-musl.a(__fmt_s.o)
 .note          0x00001ad0       0x18 C:/Program Files/Microchip/xc32/v5.00/bin/bin/../../lib/gcc/pic32c/13.2.1/../../../../pic32c/lib/thumb/v7e-m+dp/hard\libc-musl.a(__fmt_u.o)
 .note          0x00001ae8       0x18 C:/Program Files/Microchip/xc32/v5.00/bin/bin/../../lib/gcc/pic32c/13.2.1/../../../../pic32c/lib/thumb/v7e-m+dp/hard\libc-musl.a(__fmt_x.o)
 .note          0x00001b00       0x18 C:/Program Files/Microchip/xc32/v5.00/bin/bin/../../lib/gcc/pic32c/13.2.1/../../../../pic32c/lib/thumb/v7e-m+dp/hard\libc-musl.a(__cvt_u.o)
 .note          0x00001b18       0x18 C:/Program Files/Microchip/xc32/v5.00/bin/bin/../../lib/gcc/pic32c/13.2.1/thumb/v7e-m+dp/hard\libgcc.a(_aeabi_uldivmod.o)
 .note          0x00001b30       0x18 C:/Program Files/Microchip/xc32/v5.00/bin/bin/../../lib/gcc/pic32c/13.2.1/thumb/v7e-m+dp/hard\libgcc.a(_udivmoddi4.o)
 .note          0x00001b48       0x18 C:/Program Files/Microchip/xc32/v5.00/bin/bin/../../lib/gcc/pic32c/13.2.1/thumb/v7e-m+dp/hard\libgcc.a(_dvmd_tls.o)
 .note          0x00001b60       0x18 C:/Program Files/Microchip/xc32/v5.00/bin/bin/../../lib/gcc/pic32c/13.2.1/thumb/v7e-m+dp/hard/crtend.o
 .note          0x00001b78       0x18 C:/Program Files/Microchip/xc32/v5.00/bin/bin/../../lib/gcc/pic32c/13.2.1/thumb/v7e-m+dp/hard/crtn.o
 .note          0x00001b90       0x18 C:/Program Files/Microchip/xc32/v5.00/bin/bin/../../lib/gcc/pic32c/13.2.1/../../../../pic32c/lib/thumb/v7e-m+dp/hard\libpic32c.a(pic32_data_init_clear.o)
 .note          0x00001ba8       0x18 C:/Program Files/Microchip/xc32/v5.00/bin/bin/../../lib/gcc/pic32c/13.2.1/../../../../pic32c/lib/thumb/v7e-m+dp/hard\libpic32c.a(pic32_data_init_copy.o)

.ARM.attributes
                0x00000000       0x32
 .ARM.attributes
                0x00000000       0x20 C:/Program Files/Microchip/xc32/v5.00/bin/bin/../../lib/gcc/pic32c/13.2.1/thumb/v7e-m+dp/hard/crti.o
 .ARM.attributes
                0x00000020       0x32 C:/Program Files/Microchip/xc32/v5.00/bin/bin/../../lib/gcc/pic32c/13.2.1/thumb/v7e-m+dp/hard/crtbegin.o
 .ARM.attributes
                0x00000052       0x32 build/default/production/_ext/60165520/plib_clk.o
 .ARM.attributes
                0x00000084       0x32 build/default/production/_ext/60167248/plib_efc.o
 .ARM.attributes
                0x000000b6       0x32 build/default/production/_ext/1865468468/plib_nvic.o
 .ARM.attributes
                0x000000e8       0x32 build/default/production/_ext/60177924/plib_pio.o
 .ARM.attributes
                0x0000011a       0x32 build/default/production/_ext/1827571544/plib_systick.o
 .ARM.attributes
                0x0000014c       0x32 build/default/production/_ext/829342655/plib_tc3.o
 .ARM.attributes
                0x0000017e       0x32 build/default/production/_ext/1865657120/plib_uart2.o
 .ARM.attributes
                0x000001b0       0x32 build/default/production/_ext/1171490990/initialization.o
 .ARM.attributes
                0x000001e2       0x32 build/default/production/_ext/1171490990/interrupts.o
 .ARM.attributes
                0x00000214       0x32 build/default/production/_ext/1171490990/exceptions.o
 .ARM.attributes
                0x00000246       0x32 build/default/production/_ext/1171490990/startup_xc32.o
 .ARM.attributes
                0x00000278       0x32 build/default/production/_ext/249897560/boot_manager.o
 .ARM.attributes
                0x000002aa       0x32 build/default/production/_ext/1778509306/os.o
 .ARM.attributes
                0x000002dc       0x32 build/default/production/_ext/1134253236/simple_shield.o
 .ARM.attributes
                0x0000030e       0x32 build/default/production/_ext/667517761/cli_command.o
 .ARM.attributes
                0x00000340       0x32 build/default/production/_ext/818259185/cli_setup.o
 .ARM.attributes
                0x00000372       0x32 build/default/production/_ext/1422079320/embedded_cli.o
 .ARM.attributes
                0x000003a4       0x32 build/default/production/_ext/216470852/uart_irq.o
 .ARM.attributes
                0x000003d6       0x32 build/default/production/_ext/1908456078/port.o
 .ARM.attributes
                0x00000408       0x32 build/default/production/_ext/1562497596/heap_4.o
 .ARM.attributes
                0x0000043a       0x32 build/default/production/_ext/502845695/list.o
 .ARM.attributes
                0x0000046c       0x32 build/default/production/_ext/502845695/queue.o
 .ARM.attributes
                0x0000049e       0x32 build/default/production/_ext/502845695/stream_buffer.o
 .ARM.attributes
                0x000004d0       0x32 build/default/production/_ext/502845695/tasks.o
 .ARM.attributes
                0x00000502       0x32 build/default/production/_ext/502845695/timers.o
 .ARM.attributes
                0x00000534       0x32 build/default/production/_ext/697864676/date_time.o
 .ARM.attributes
                0x00000566       0x32 build/default/production/_ext/1260377903/ring_buffer.o
 .ARM.attributes
                0x00000598       0x32 build/default/production/_ext/1226835810/tick.o
 .ARM.attributes
                0x000005ca       0x32 build/default/production/_ext/1360937237/ATSAMV71cm7_it.o
 .ARM.attributes
                0x000005fc       0x32 build/default/production/_ext/1360937237/main.o
 .ARM.attributes
                0x0000062e       0x32 build/default/production/_ext/30620426/app_cli.o
 .ARM.attributes
                0x00000660       0x32 build/default/production/_ext/1525186148/app_alive.o
 .ARM.attributes
                0x00000692       0x32 build/default/production/_ext/1026660007/app_root.o
 .ARM.attributes
                0x000006c4       0x32 build/default/production/_ext/1918720202/app_logging.o
 .ARM.attributes
                0x000006f6       0x32 build/default/production/_ext/1798135708/dmesg.o
 .ARM.attributes
                0x00000728       0x32 build/default/production/_ext/751336192/xlog.o
 .ARM.attributes
                0x0000075a       0x32 build/default/production/_ext/1389938436/app_network.o
 .ARM.attributes
                0x0000078c       0x32 build/default/production/_ext/30602918/app_usb.o
 .ARM.attributes
                0x000007be       0x32 build/default/production/_ext/783082040/board_api.o
 .ARM.attributes
                0x000007f0       0x32 build/default/production/_ext/783082040/usb_descriptors.o
 .ARM.attributes
                0x00000822       0x32 build/default/production/_ext/2037418415/tcpip.o
 .ARM.attributes
                0x00000854       0x32 build/default/production/_ext/1264479574/def.o
 .ARM.attributes
                0x00000886       0x32 build/default/production/_ext/1264479574/inet_chksum.o
 .ARM.attributes
                0x000008b8       0x32 build/default/production/_ext/1264479574/init.o
 .ARM.attributes
                0x000008ea       0x32 build/default/production/_ext/1264479574/ip.o
 .ARM.attributes
                0x0000091c       0x32 build/default/production/_ext/1349076522/etharp.o
 .ARM.attributes
                0x0000094e       0x32 build/default/production/_ext/1349076522/icmp.o
 .ARM.attributes
                0x00000980       0x32 build/default/production/_ext/1349076522/ip4.o
 .ARM.attributes
                0x000009b2       0x32 build/default/production/_ext/1349076522/ip4_addr.o
 .ARM.attributes
                0x000009e4       0x32 build/default/production/_ext/1349076522/ip4_frag.o
 .ARM.attributes
                0x00000a16       0x32 build/default/production/_ext/1264479574/mem.o
 .ARM.attributes
                0x00000a48       0x32 build/default/production/_ext/1264479574/memp.o
 .ARM.attributes
                0x00000a7a       0x32 build/default/production/_ext/1264479574/netif.o
 .ARM.attributes
                0x00000aac       0x32 build/default/production/_ext/1264479574/pbuf.o
 .ARM.attributes
                0x00000ade       0x32 build/default/production/_ext/1264479574/raw.o
 .ARM.attributes
                0x00000b10       0x32 build/default/production/_ext/1264479574/stats.o
 .ARM.attributes
                0x00000b42       0x32 build/default/production/_ext/1264479574/tcp.o
 .ARM.attributes
                0x00000b74       0x32 build/default/production/_ext/1264479574/tcp_in.o
 .ARM.attributes
                0x00000ba6       0x32 build/default/production/_ext/1264479574/tcp_out.o
 .ARM.attributes
                0x00000bd8       0x32 build/default/production/_ext/1264479574/timeouts.o
 .ARM.attributes
                0x00000c0a       0x32 build/default/production/_ext/1264479574/udp.o
 .ARM.attributes
                0x00000c3c       0x32 build/default/production/_ext/534298161/ethernet.o
 .ARM.attributes
                0x00000c6e       0x32 build/default/production/_ext/1439055959/ncm_device.o
 .ARM.attributes
                0x00000ca0       0x32 build/default/production/_ext/761407912/tusb_fifo.o
 .ARM.attributes
                0x00000cd2       0x32 build/default/production/_ext/781065747/usbd.o
 .ARM.attributes
                0x00000d04       0x32 build/default/production/_ext/781065747/usbd_control.o
 .ARM.attributes
                0x00000d36       0x32 build/default/production/_ext/2093936272/dcd_samx7x.o
 .ARM.attributes
                0x00000d68       0x32 build/default/production/_ext/1119931634/tusb.o
 .ARM.attributes
                0x00000d9a       0x32 build/default/production/_ext/1017385999/sys_arch.o
 .ARM.attributes
                0x00000dcc       0x32 C:/Program Files/Microchip/xc32/v5.00/bin/bin/../../lib/gcc/pic32c/13.2.1/../../../../pic32c/lib/thumb/v7e-m+dp/hard\libpic32c.a(data_init.o)
 .ARM.attributes
                0x00000dfe       0x34 C:/Program Files/Microchip/xc32/v5.00/bin/bin/../../lib/gcc/pic32c/13.2.1/../../../../pic32c/lib/thumb/v7e-m+dp/hard\libc-size-musl.a(memcmp.o)
 .ARM.attributes
                0x00000e32       0x34 C:/Program Files/Microchip/xc32/v5.00/bin/bin/../../lib/gcc/pic32c/13.2.1/../../../../pic32c/lib/thumb/v7e-m+dp/hard\libc-size-musl.a(memcpy.o)
 .ARM.attributes
                0x00000e66       0x34 C:/Program Files/Microchip/xc32/v5.00/bin/bin/../../lib/gcc/pic32c/13.2.1/../../../../pic32c/lib/thumb/v7e-m+dp/hard\libc-size-musl.a(memmove.o)
 .ARM.attributes
                0x00000e9a       0x34 C:/Program Files/Microchip/xc32/v5.00/bin/bin/../../lib/gcc/pic32c/13.2.1/../../../../pic32c/lib/thumb/v7e-m+dp/hard\libc-size-musl.a(memset.o)
 .ARM.attributes
                0x00000ece       0x34 C:/Program Files/Microchip/xc32/v5.00/bin/bin/../../lib/gcc/pic32c/13.2.1/../../../../pic32c/lib/thumb/v7e-m+dp/hard\libc-size-musl.a(strlen.o)
 .ARM.attributes
                0x00000f02       0x34 C:/Program Files/Microchip/xc32/v5.00/bin/bin/../../lib/gcc/pic32c/13.2.1/../../../../pic32c/lib/thumb/v7e-m+dp/hard\libc-size-musl.a(strchr.o)
 .ARM.attributes
                0x00000f36       0x34 C:/Program Files/Microchip/xc32/v5.00/bin/bin/../../lib/gcc/pic32c/13.2.1/../../../../pic32c/lib/thumb/v7e-m+dp/hard\libc-size-musl.a(strchrnul.o)
 .ARM.attributes
                0x00000f6a       0x34 C:/Program Files/Microchip/xc32/v5.00/bin/bin/../../lib/gcc/pic32c/13.2.1/../../../../pic32c/lib/thumb/v7e-m+dp/hard\libc-size-musl.a(strcmp.o)
 .ARM.attributes
                0x00000f9e       0x34 C:/Program Files/Microchip/xc32/v5.00/bin/bin/../../lib/gcc/pic32c/13.2.1/../../../../pic32c/lib/thumb/v7e-m+dp/hard\libc-size-musl.a(strcpy.o)
 .ARM.attributes
                0x00000fd2       0x34 C:/Program Files/Microchip/xc32/v5.00/bin/bin/../../lib/gcc/pic32c/13.2.1/../../../../pic32c/lib/thumb/v7e-m+dp/hard\libc-size-musl.a(strncpy.o)
 .ARM.attributes
                0x00001006       0x34 C:/Program Files/Microchip/xc32/v5.00/bin/bin/../../lib/gcc/pic32c/13.2.1/../../../../pic32c/lib/thumb/v7e-m+dp/hard\libc-size-musl.a(stpcpy.o)
 .ARM.attributes
                0x0000103a       0x34 C:/Program Files/Microchip/xc32/v5.00/bin/bin/../../lib/gcc/pic32c/13.2.1/../../../../pic32c/lib/thumb/v7e-m+dp/hard\libc-size-musl.a(stpncpy.o)
 .ARM.attributes
                0x0000106e       0x34 C:/Program Files/Microchip/xc32/v5.00/bin/bin/../../lib/gcc/pic32c/13.2.1/../../../../pic32c/lib/thumb/v7e-m+dp/hard\libc-musl.a(toupper.o)
 .ARM.attributes
                0x000010a2       0x34 C:/Program Files/Microchip/xc32/v5.00/bin/bin/../../lib/gcc/pic32c/13.2.1/../../../../pic32c/lib/thumb/v7e-m+dp/hard\libc-musl.a(__libc_start_main.o)
 .ARM.attributes
                0x000010d6       0x34 C:/Program Files/Microchip/xc32/v5.00/bin/bin/../../lib/gcc/pic32c/13.2.1/../../../../pic32c/lib/thumb/v7e-m+dp/hard\libc-musl.a(libc.o)
 .ARM.attributes
                0x0000110a       0x34 C:/Program Files/Microchip/xc32/v5.00/bin/bin/../../lib/gcc/pic32c/13.2.1/../../../../pic32c/lib/thumb/v7e-m+dp/hard\libc-musl.a(vsnprintf.o)
 .ARM.attributes
                0x0000113e       0x34 C:/Program Files/Microchip/xc32/v5.00/bin/bin/../../lib/gcc/pic32c/13.2.1/../../../../pic32c/lib/thumb/v7e-m+dp/hard\libc-musl.a(snprintf.o)
 .ARM.attributes
                0x00001172       0x34 C:/Program Files/Microchip/xc32/v5.00/bin/bin/../../lib/gcc/pic32c/13.2.1/../../../../pic32c/lib/thumb/v7e-m+dp/hard\libc-musl.a(sprintf.o)
 .ARM.attributes
                0x000011a6       0x34 C:/Program Files/Microchip/xc32/v5.00/bin/bin/../../lib/gcc/pic32c/13.2.1/../../../../pic32c/lib/thumb/v7e-m+dp/hard\libc-musl.a(vsprintf.o)
 .ARM.attributes
                0x000011da       0x34 C:/Program Files/Microchip/xc32/v5.00/bin/bin/../../lib/gcc/pic32c/13.2.1/../../../../pic32c/lib/thumb/v7e-m+dp/hard\libc-musl.a(atoi.o)
 .ARM.attributes
                0x0000120e       0x34 C:/Program Files/Microchip/xc32/v5.00/bin/bin/../../lib/gcc/pic32c/13.2.1/../../../../pic32c/lib/thumb/v7e-m+dp/hard\libc-musl.a(strtol.o)
 .ARM.attributes
                0x00001242       0x34 C:/Program Files/Microchip/xc32/v5.00/bin/bin/../../lib/gcc/pic32c/13.2.1/../../../../pic32c/lib/thumb/v7e-m+dp/hard\libc-musl.a(__environ.o)
 .ARM.attributes
                0x00001276       0x34 C:/Program Files/Microchip/xc32/v5.00/bin/bin/../../lib/gcc/pic32c/13.2.1/../../../../pic32c/lib/thumb/v7e-m+dp/hard\libc-musl.a(__errno_location.o)
 .ARM.attributes
                0x000012aa       0x34 C:/Program Files/Microchip/xc32/v5.00/bin/bin/../../lib/gcc/pic32c/13.2.1/../../../../pic32c/lib/thumb/v7e-m+dp/hard\libc-musl.a(intscan.o)
 .ARM.attributes
                0x000012de       0x34 C:/Program Files/Microchip/xc32/v5.00/bin/bin/../../lib/gcc/pic32c/13.2.1/../../../../pic32c/lib/thumb/v7e-m+dp/hard\libc-musl.a(shgetc.o)
 .ARM.attributes
                0x00001312       0x34 C:/Program Files/Microchip/xc32/v5.00/bin/bin/../../lib/gcc/pic32c/13.2.1/../../../../pic32c/lib/thumb/v7e-m+dp/hard\libc-musl.a(__uflow.o)
 .ARM.attributes
                0x00001346       0x34 C:/Program Files/Microchip/xc32/v5.00/bin/bin/../../lib/gcc/pic32c/13.2.1/../../../../pic32c/lib/thumb/v7e-m+dp/hard\libc-musl.a(vfprintf.o)
 .ARM.attributes
                0x0000137a       0x34 C:/Program Files/Microchip/xc32/v5.00/bin/bin/../../lib/gcc/pic32c/13.2.1/../../../../pic32c/lib/thumb/v7e-m+dp/hard\libc-musl.a(__toread.o)
 .ARM.attributes
                0x000013ae       0x34 C:/Program Files/Microchip/xc32/v5.00/bin/bin/../../lib/gcc/pic32c/13.2.1/../../../../pic32c/lib/thumb/v7e-m+dp/hard\libc-musl.a(__pop_float.o)
 .ARM.attributes
                0x000013e2       0x34 C:/Program Files/Microchip/xc32/v5.00/bin/bin/../../lib/gcc/pic32c/13.2.1/../../../../pic32c/lib/thumb/v7e-m+dp/hard\libc-musl.a(__pop_int.o)
 .ARM.attributes
                0x00001416       0x34 C:/Program Files/Microchip/xc32/v5.00/bin/bin/../../lib/gcc/pic32c/13.2.1/../../../../pic32c/lib/thumb/v7e-m+dp/hard\libc-musl.a(__pop_ptr.o)
 .ARM.attributes
                0x0000144a       0x34 C:/Program Files/Microchip/xc32/v5.00/bin/bin/../../lib/gcc/pic32c/13.2.1/../../../../pic32c/lib/thumb/v7e-m+dp/hard\libc-musl.a(__printf_core.o)
 .ARM.attributes
                0x0000147e       0x34 C:/Program Files/Microchip/xc32/v5.00/bin/bin/../../lib/gcc/pic32c/13.2.1/../../../../pic32c/lib/thumb/v7e-m+dp/hard\libc-musl.a(tolower.o)
 .ARM.attributes
                0x000014b2       0x34 C:/Program Files/Microchip/xc32/v5.00/bin/bin/../../lib/gcc/pic32c/13.2.1/../../../../pic32c/lib/thumb/v7e-m+dp/hard\libc-musl.a(__fmt_a.o)
 .ARM.attributes
                0x000014e6       0x34 C:/Program Files/Microchip/xc32/v5.00/bin/bin/../../lib/gcc/pic32c/13.2.1/../../../../pic32c/lib/thumb/v7e-m+dp/hard\libc-musl.a(__fmt_d.o)
 .ARM.attributes
                0x0000151a       0x34 C:/Program Files/Microchip/xc32/v5.00/bin/bin/../../lib/gcc/pic32c/13.2.1/../../../../pic32c/lib/thumb/v7e-m+dp/hard\libc-musl.a(__fmt_fp.o)
 .ARM.attributes
                0x0000154e       0x34 C:/Program Files/Microchip/xc32/v5.00/bin/bin/../../lib/gcc/pic32c/13.2.1/../../../../pic32c/lib/thumb/v7e-m+dp/hard\libc-musl.a(__fmt_o.o)
 .ARM.attributes
                0x00001582       0x34 C:/Program Files/Microchip/xc32/v5.00/bin/bin/../../lib/gcc/pic32c/13.2.1/../../../../pic32c/lib/thumb/v7e-m+dp/hard\libc-musl.a(__fmt_s.o)
 .ARM.attributes
                0x000015b6       0x34 C:/Program Files/Microchip/xc32/v5.00/bin/bin/../../lib/gcc/pic32c/13.2.1/../../../../pic32c/lib/thumb/v7e-m+dp/hard\libc-musl.a(__fmt_u.o)
 .ARM.attributes
                0x000015ea       0x34 C:/Program Files/Microchip/xc32/v5.00/bin/bin/../../lib/gcc/pic32c/13.2.1/../../../../pic32c/lib/thumb/v7e-m+dp/hard\libc-musl.a(__fmt_x.o)
 .ARM.attributes
                0x0000161e       0x34 C:/Program Files/Microchip/xc32/v5.00/bin/bin/../../lib/gcc/pic32c/13.2.1/../../../../pic32c/lib/thumb/v7e-m+dp/hard\libc-musl.a(__cvt_u.o)
 .ARM.attributes
                0x00001652       0x32 C:/Program Files/Microchip/xc32/v5.00/bin/bin/../../lib/gcc/pic32c/13.2.1/../../../../pic32c/lib/thumb/v7e-m+dp/hard\libm-fast-emfloat.a(floor.o)
 .ARM.attributes
                0x00001684       0x20 C:/Program Files/Microchip/xc32/v5.00/bin/bin/../../lib/gcc/pic32c/13.2.1/thumb/v7e-m+dp/hard\libgcc.a(_aeabi_uldivmod.o)
 .ARM.attributes
                0x000016a4       0x32 C:/Program Files/Microchip/xc32/v5.00/bin/bin/../../lib/gcc/pic32c/13.2.1/thumb/v7e-m+dp/hard\libgcc.a(_udivmoddi4.o)
 .ARM.attributes
                0x000016d6       0x20 C:/Program Files/Microchip/xc32/v5.00/bin/bin/../../lib/gcc/pic32c/13.2.1/thumb/v7e-m+dp/hard\libgcc.a(_dvmd_tls.o)
 .ARM.attributes
                0x000016f6       0x20 C:/Program Files/Microchip/xc32/v5.00/bin/bin/../../lib/gcc/pic32c/13.2.1/thumb/v7e-m+dp/hard/crtn.o
 .ARM.attributes
                0x00001716       0x32 C:/Program Files/Microchip/xc32/v5.00/bin/bin/../../lib/gcc/pic32c/13.2.1/../../../../pic32c/lib/thumb/v7e-m+dp/hard\libpic32c.a(pic32_data_init_clear.o)
 .ARM.attributes
                0x00001748       0x32 C:/Program Files/Microchip/xc32/v5.00/bin/bin/../../lib/gcc/pic32c/13.2.1/../../../../pic32c/lib/thumb/v7e-m+dp/hard\libpic32c.a(pic32_data_init_copy.o)

.comment        0x00000000       0x35
 .comment       0x00000000       0x35 C:/Program Files/Microchip/xc32/v5.00/bin/bin/../../lib/gcc/pic32c/13.2.1/thumb/v7e-m+dp/hard/crtbegin.o
                                 0x36 (size before relaxing)
 .comment       0x00000035       0x36 build/default/production/_ext/60165520/plib_clk.o
 .comment       0x00000035       0x36 build/default/production/_ext/60167248/plib_efc.o
 .comment       0x00000035       0x36 build/default/production/_ext/1865468468/plib_nvic.o
 .comment       0x00000035       0x36 build/default/production/_ext/60177924/plib_pio.o
 .comment       0x00000035       0x36 build/default/production/_ext/1827571544/plib_systick.o
 .comment       0x00000035       0x36 build/default/production/_ext/829342655/plib_tc3.o
 .comment       0x00000035       0x36 build/default/production/_ext/1865657120/plib_uart2.o
 .comment       0x00000035       0x36 build/default/production/_ext/1171490990/initialization.o
 .comment       0x00000035       0x36 build/default/production/_ext/1171490990/interrupts.o
 .comment       0x00000035       0x36 build/default/production/_ext/1171490990/exceptions.o
 .comment       0x00000035       0x36 build/default/production/_ext/1171490990/startup_xc32.o
 .comment       0x00000035       0x36 build/default/production/_ext/249897560/boot_manager.o
 .comment       0x00000035       0x36 build/default/production/_ext/1778509306/os.o
 .comment       0x00000035       0x36 build/default/production/_ext/1134253236/simple_shield.o
 .comment       0x00000035       0x36 build/default/production/_ext/667517761/cli_command.o
 .comment       0x00000035       0x36 build/default/production/_ext/818259185/cli_setup.o
 .comment       0x00000035       0x36 build/default/production/_ext/1422079320/embedded_cli.o
 .comment       0x00000035       0x36 build/default/production/_ext/216470852/uart_irq.o
 .comment       0x00000035       0x36 build/default/production/_ext/1908456078/port.o
 .comment       0x00000035       0x36 build/default/production/_ext/1562497596/heap_4.o
 .comment       0x00000035       0x36 build/default/production/_ext/502845695/list.o
 .comment       0x00000035       0x36 build/default/production/_ext/502845695/queue.o
 .comment       0x00000035       0x36 build/default/production/_ext/502845695/stream_buffer.o
 .comment       0x00000035       0x36 build/default/production/_ext/502845695/tasks.o
 .comment       0x00000035       0x36 build/default/production/_ext/502845695/timers.o
 .comment       0x00000035       0x36 build/default/production/_ext/697864676/date_time.o
 .comment       0x00000035       0x36 build/default/production/_ext/1260377903/ring_buffer.o
 .comment       0x00000035       0x36 build/default/production/_ext/1226835810/tick.o
 .comment       0x00000035       0x36 build/default/production/_ext/1360937237/ATSAMV71cm7_it.o
 .comment       0x00000035       0x36 build/default/production/_ext/1360937237/main.o
 .comment       0x00000035       0x36 build/default/production/_ext/30620426/app_cli.o
 .comment       0x00000035       0x36 build/default/production/_ext/1525186148/app_alive.o
 .comment       0x00000035       0x36 build/default/production/_ext/1026660007/app_root.o
 .comment       0x00000035       0x36 build/default/production/_ext/1918720202/app_logging.o
 .comment       0x00000035       0x36 build/default/production/_ext/1798135708/dmesg.o
 .comment       0x00000035       0x36 build/default/production/_ext/751336192/xlog.o
 .comment       0x00000035       0x36 build/default/production/_ext/1389938436/app_network.o
 .comment       0x00000035       0x36 build/default/production/_ext/30602918/app_usb.o
 .comment       0x00000035       0x36 build/default/production/_ext/783082040/board_api.o
 .comment       0x00000035       0x36 build/default/production/_ext/783082040/usb_descriptors.o
 .comment       0x00000035       0x36 build/default/production/_ext/2037418415/tcpip.o
 .comment       0x00000035       0x36 build/default/production/_ext/1264479574/def.o
 .comment       0x00000035       0x36 build/default/production/_ext/1264479574/inet_chksum.o
 .comment       0x00000035       0x36 build/default/production/_ext/1264479574/init.o
 .comment       0x00000035       0x36 build/default/production/_ext/1264479574/ip.o
 .comment       0x00000035       0x36 build/default/production/_ext/1349076522/etharp.o
 .comment       0x00000035       0x36 build/default/production/_ext/1349076522/icmp.o
 .comment       0x00000035       0x36 build/default/production/_ext/1349076522/ip4.o
 .comment       0x00000035       0x36 build/default/production/_ext/1349076522/ip4_addr.o
 .comment       0x00000035       0x36 build/default/production/_ext/1349076522/ip4_frag.o
 .comment       0x00000035       0x36 build/default/production/_ext/1264479574/mem.o
 .comment       0x00000035       0x36 build/default/production/_ext/1264479574/memp.o
 .comment       0x00000035       0x36 build/default/production/_ext/1264479574/netif.o
 .comment       0x00000035       0x36 build/default/production/_ext/1264479574/pbuf.o
 .comment       0x00000035       0x36 build/default/production/_ext/1264479574/raw.o
 .comment       0x00000035       0x36 build/default/production/_ext/1264479574/stats.o
 .comment       0x00000035       0x36 build/default/production/_ext/1264479574/tcp.o
 .comment       0x00000035       0x36 build/default/production/_ext/1264479574/tcp_in.o
 .comment       0x00000035       0x36 build/default/production/_ext/1264479574/tcp_out.o
 .comment       0x00000035       0x36 build/default/production/_ext/1264479574/timeouts.o
 .comment       0x00000035       0x36 build/default/production/_ext/1264479574/udp.o
 .comment       0x00000035       0x36 build/default/production/_ext/534298161/ethernet.o
 .comment       0x00000035       0x36 build/default/production/_ext/1439055959/ncm_device.o
 .comment       0x00000035       0x36 build/default/production/_ext/761407912/tusb_fifo.o
 .comment       0x00000035       0x36 build/default/production/_ext/781065747/usbd.o
 .comment       0x00000035       0x36 build/default/production/_ext/781065747/usbd_control.o
 .comment       0x00000035       0x36 build/default/production/_ext/2093936272/dcd_samx7x.o
 .comment       0x00000035       0x36 build/default/production/_ext/1119931634/tusb.o
 .comment       0x00000035       0x36 build/default/production/_ext/1017385999/sys_arch.o
 .comment       0x00000035       0x36 C:/Program Files/Microchip/xc32/v5.00/bin/bin/../../lib/gcc/pic32c/13.2.1/../../../../pic32c/lib/thumb/v7e-m+dp/hard\libpic32c.a(data_init.o)
 .comment       0x00000035       0x36 C:/Program Files/Microchip/xc32/v5.00/bin/bin/../../lib/gcc/pic32c/13.2.1/../../../../pic32c/lib/thumb/v7e-m+dp/hard\libc-size-musl.a(memcmp.o)
 .comment       0x00000035       0x36 C:/Program Files/Microchip/xc32/v5.00/bin/bin/../../lib/gcc/pic32c/13.2.1/../../../../pic32c/lib/thumb/v7e-m+dp/hard\libc-size-musl.a(memcpy.o)
 .comment       0x00000035       0x36 C:/Program Files/Microchip/xc32/v5.00/bin/bin/../../lib/gcc/pic32c/13.2.1/../../../../pic32c/lib/thumb/v7e-m+dp/hard\libc-size-musl.a(memmove.o)
 .comment       0x00000035       0x36 C:/Program Files/Microchip/xc32/v5.00/bin/bin/../../lib/gcc/pic32c/13.2.1/../../../../pic32c/lib/thumb/v7e-m+dp/hard\libc-size-musl.a(memset.o)
 .comment       0x00000035       0x36 C:/Program Files/Microchip/xc32/v5.00/bin/bin/../../lib/gcc/pic32c/13.2.1/../../../../pic32c/lib/thumb/v7e-m+dp/hard\libc-size-musl.a(strlen.o)
 .comment       0x00000035       0x36 C:/Program Files/Microchip/xc32/v5.00/bin/bin/../../lib/gcc/pic32c/13.2.1/../../../../pic32c/lib/thumb/v7e-m+dp/hard\libc-size-musl.a(strchr.o)
 .comment       0x00000035       0x36 C:/Program Files/Microchip/xc32/v5.00/bin/bin/../../lib/gcc/pic32c/13.2.1/../../../../pic32c/lib/thumb/v7e-m+dp/hard\libc-size-musl.a(strchrnul.o)
 .comment       0x00000035       0x36 C:/Program Files/Microchip/xc32/v5.00/bin/bin/../../lib/gcc/pic32c/13.2.1/../../../../pic32c/lib/thumb/v7e-m+dp/hard\libc-size-musl.a(strcmp.o)
 .comment       0x00000035       0x36 C:/Program Files/Microchip/xc32/v5.00/bin/bin/../../lib/gcc/pic32c/13.2.1/../../../../pic32c/lib/thumb/v7e-m+dp/hard\libc-size-musl.a(strcpy.o)
 .comment       0x00000035       0x36 C:/Program Files/Microchip/xc32/v5.00/bin/bin/../../lib/gcc/pic32c/13.2.1/../../../../pic32c/lib/thumb/v7e-m+dp/hard\libc-size-musl.a(strncpy.o)
 .comment       0x00000035       0x36 C:/Program Files/Microchip/xc32/v5.00/bin/bin/../../lib/gcc/pic32c/13.2.1/../../../../pic32c/lib/thumb/v7e-m+dp/hard\libc-size-musl.a(stpcpy.o)
 .comment       0x00000035       0x36 C:/Program Files/Microchip/xc32/v5.00/bin/bin/../../lib/gcc/pic32c/13.2.1/../../../../pic32c/lib/thumb/v7e-m+dp/hard\libc-size-musl.a(stpncpy.o)
 .comment       0x00000035       0x36 C:/Program Files/Microchip/xc32/v5.00/bin/bin/../../lib/gcc/pic32c/13.2.1/../../../../pic32c/lib/thumb/v7e-m+dp/hard\libc-musl.a(toupper.o)
 .comment       0x00000035       0x36 C:/Program Files/Microchip/xc32/v5.00/bin/bin/../../lib/gcc/pic32c/13.2.1/../../../../pic32c/lib/thumb/v7e-m+dp/hard\libc-musl.a(__libc_start_main.o)
 .comment       0x00000035       0x36 C:/Program Files/Microchip/xc32/v5.00/bin/bin/../../lib/gcc/pic32c/13.2.1/../../../../pic32c/lib/thumb/v7e-m+dp/hard\libc-musl.a(libc.o)
 .comment       0x00000035       0x36 C:/Program Files/Microchip/xc32/v5.00/bin/bin/../../lib/gcc/pic32c/13.2.1/../../../../pic32c/lib/thumb/v7e-m+dp/hard\libc-musl.a(vsnprintf.o)
 .comment       0x00000035       0x36 C:/Program Files/Microchip/xc32/v5.00/bin/bin/../../lib/gcc/pic32c/13.2.1/../../../../pic32c/lib/thumb/v7e-m+dp/hard\libc-musl.a(snprintf.o)
 .comment       0x00000035       0x36 C:/Program Files/Microchip/xc32/v5.00/bin/bin/../../lib/gcc/pic32c/13.2.1/../../../../pic32c/lib/thumb/v7e-m+dp/hard\libc-musl.a(sprintf.o)
 .comment       0x00000035       0x36 C:/Program Files/Microchip/xc32/v5.00/bin/bin/../../lib/gcc/pic32c/13.2.1/../../../../pic32c/lib/thumb/v7e-m+dp/hard\libc-musl.a(vsprintf.o)
 .comment       0x00000035       0x36 C:/Program Files/Microchip/xc32/v5.00/bin/bin/../../lib/gcc/pic32c/13.2.1/../../../../pic32c/lib/thumb/v7e-m+dp/hard\libc-musl.a(atoi.o)
 .comment       0x00000035       0x36 C:/Program Files/Microchip/xc32/v5.00/bin/bin/../../lib/gcc/pic32c/13.2.1/../../../../pic32c/lib/thumb/v7e-m+dp/hard\libc-musl.a(strtol.o)
 .comment       0x00000035       0x36 C:/Program Files/Microchip/xc32/v5.00/bin/bin/../../lib/gcc/pic32c/13.2.1/../../../../pic32c/lib/thumb/v7e-m+dp/hard\libc-musl.a(__environ.o)
 .comment       0x00000035       0x36 C:/Program Files/Microchip/xc32/v5.00/bin/bin/../../lib/gcc/pic32c/13.2.1/../../../../pic32c/lib/thumb/v7e-m+dp/hard\libc-musl.a(__errno_location.o)
 .comment       0x00000035       0x36 C:/Program Files/Microchip/xc32/v5.00/bin/bin/../../lib/gcc/pic32c/13.2.1/../../../../pic32c/lib/thumb/v7e-m+dp/hard\libc-musl.a(intscan.o)
 .comment       0x00000035       0x36 C:/Program Files/Microchip/xc32/v5.00/bin/bin/../../lib/gcc/pic32c/13.2.1/../../../../pic32c/lib/thumb/v7e-m+dp/hard\libc-musl.a(shgetc.o)
 .comment       0x00000035       0x36 C:/Program Files/Microchip/xc32/v5.00/bin/bin/../../lib/gcc/pic32c/13.2.1/../../../../pic32c/lib/thumb/v7e-m+dp/hard\libc-musl.a(__uflow.o)
 .comment       0x00000035       0x36 C:/Program Files/Microchip/xc32/v5.00/bin/bin/../../lib/gcc/pic32c/13.2.1/../../../../pic32c/lib/thumb/v7e-m+dp/hard\libc-musl.a(vfprintf.o)
 .comment       0x00000035       0x36 C:/Program Files/Microchip/xc32/v5.00/bin/bin/../../lib/gcc/pic32c/13.2.1/../../../../pic32c/lib/thumb/v7e-m+dp/hard\libc-musl.a(__toread.o)
 .comment       0x00000035       0x36 C:/Program Files/Microchip/xc32/v5.00/bin/bin/../../lib/gcc/pic32c/13.2.1/../../../../pic32c/lib/thumb/v7e-m+dp/hard\libc-musl.a(__pop_float.o)
 .comment       0x00000035       0x36 C:/Program Files/Microchip/xc32/v5.00/bin/bin/../../lib/gcc/pic32c/13.2.1/../../../../pic32c/lib/thumb/v7e-m+dp/hard\libc-musl.a(__pop_int.o)
 .comment       0x00000035       0x36 C:/Program Files/Microchip/xc32/v5.00/bin/bin/../../lib/gcc/pic32c/13.2.1/../../../../pic32c/lib/thumb/v7e-m+dp/hard\libc-musl.a(__pop_ptr.o)
 .comment       0x00000035       0x36 C:/Program Files/Microchip/xc32/v5.00/bin/bin/../../lib/gcc/pic32c/13.2.1/../../../../pic32c/lib/thumb/v7e-m+dp/hard\libc-musl.a(__printf_core.o)
 .comment       0x00000035       0x36 C:/Program Files/Microchip/xc32/v5.00/bin/bin/../../lib/gcc/pic32c/13.2.1/../../../../pic32c/lib/thumb/v7e-m+dp/hard\libc-musl.a(tolower.o)
 .comment       0x00000035       0x36 C:/Program Files/Microchip/xc32/v5.00/bin/bin/../../lib/gcc/pic32c/13.2.1/../../../../pic32c/lib/thumb/v7e-m+dp/hard\libc-musl.a(__fmt_a.o)
 .comment       0x00000035       0x36 C:/Program Files/Microchip/xc32/v5.00/bin/bin/../../lib/gcc/pic32c/13.2.1/../../../../pic32c/lib/thumb/v7e-m+dp/hard\libc-musl.a(__fmt_d.o)
 .comment       0x00000035       0x36 C:/Program Files/Microchip/xc32/v5.00/bin/bin/../../lib/gcc/pic32c/13.2.1/../../../../pic32c/lib/thumb/v7e-m+dp/hard\libc-musl.a(__fmt_fp.o)
 .comment       0x00000035       0x36 C:/Program Files/Microchip/xc32/v5.00/bin/bin/../../lib/gcc/pic32c/13.2.1/../../../../pic32c/lib/thumb/v7e-m+dp/hard\libc-musl.a(__fmt_o.o)
 .comment       0x00000035       0x36 C:/Program Files/Microchip/xc32/v5.00/bin/bin/../../lib/gcc/pic32c/13.2.1/../../../../pic32c/lib/thumb/v7e-m+dp/hard\libc-musl.a(__fmt_s.o)
 .comment       0x00000035       0x36 C:/Program Files/Microchip/xc32/v5.00/bin/bin/../../lib/gcc/pic32c/13.2.1/../../../../pic32c/lib/thumb/v7e-m+dp/hard\libc-musl.a(__fmt_u.o)
 .comment       0x00000035       0x36 C:/Program Files/Microchip/xc32/v5.00/bin/bin/../../lib/gcc/pic32c/13.2.1/../../../../pic32c/lib/thumb/v7e-m+dp/hard\libc-musl.a(__fmt_x.o)
 .comment       0x00000035       0x36 C:/Program Files/Microchip/xc32/v5.00/bin/bin/../../lib/gcc/pic32c/13.2.1/../../../../pic32c/lib/thumb/v7e-m+dp/hard\libc-musl.a(__cvt_u.o)
 .comment       0x00000035       0x36 C:/Program Files/Microchip/xc32/v5.00/bin/bin/../../lib/gcc/pic32c/13.2.1/../../../../pic32c/lib/thumb/v7e-m+dp/hard\libm-fast-emfloat.a(floor.o)
 .comment       0x00000035       0x36 C:/Program Files/Microchip/xc32/v5.00/bin/bin/../../lib/gcc/pic32c/13.2.1/thumb/v7e-m+dp/hard\libgcc.a(_udivmoddi4.o)
 .comment       0x00000035       0x36 C:/Program Files/Microchip/xc32/v5.00/bin/bin/../../lib/gcc/pic32c/13.2.1/../../../../pic32c/lib/thumb/v7e-m+dp/hard\libpic32c.a(pic32_data_init_clear.o)
 .comment       0x00000035       0x36 C:/Program Files/Microchip/xc32/v5.00/bin/bin/../../lib/gcc/pic32c/13.2.1/../../../../pic32c/lib/thumb/v7e-m+dp/hard\libpic32c.a(pic32_data_init_copy.o)

.debug_info     0x00000000    0x4010f
 .debug_info    0x00000000      0x5ab build/default/production/_ext/60165520/plib_clk.o
 .debug_info    0x000005ab      0x520 build/default/production/_ext/60167248/plib_efc.o
 .debug_info    0x00000acb      0xb7c build/default/production/_ext/1865468468/plib_nvic.o
 .debug_info    0x00001647      0x9ef build/default/production/_ext/60177924/plib_pio.o
 .debug_info    0x00002036      0x493 build/default/production/_ext/1827571544/plib_systick.o
 .debug_info    0x000024c9      0x477 build/default/production/_ext/829342655/plib_tc3.o
 .debug_info    0x00002940      0x756 build/default/production/_ext/1865657120/plib_uart2.o
 .debug_info    0x00003096      0x19f build/default/production/_ext/1171490990/initialization.o
 .debug_info    0x00003235      0x70c build/default/production/_ext/1171490990/interrupts.o
 .debug_info    0x00003941      0x11c build/default/production/_ext/1171490990/exceptions.o
 .debug_info    0x00003a5d      0x84b build/default/production/_ext/1171490990/startup_xc32.o
 .debug_info    0x000042a8      0x2f3 build/default/production/_ext/249897560/boot_manager.o
 .debug_info    0x0000459b      0x9f6 build/default/production/_ext/1778509306/os.o
 .debug_info    0x00004f91      0x5db build/default/production/_ext/1134253236/simple_shield.o
 .debug_info    0x0000556c      0xfe1 build/default/production/_ext/667517761/cli_command.o
 .debug_info    0x0000654d      0x639 build/default/production/_ext/818259185/cli_setup.o
 .debug_info    0x00006b86     0x1769 build/default/production/_ext/1422079320/embedded_cli.o
 .debug_info    0x000082ef      0xc01 build/default/production/_ext/216470852/uart_irq.o
 .debug_info    0x00008ef0      0x5aa build/default/production/_ext/1908456078/port.o
 .debug_info    0x0000949a      0x67c build/default/production/_ext/1562497596/heap_4.o
 .debug_info    0x00009b16      0x30c build/default/production/_ext/502845695/list.o
 .debug_info    0x00009e22     0x1ffb build/default/production/_ext/502845695/queue.o
 .debug_info    0x0000be1d     0x1943 build/default/production/_ext/502845695/stream_buffer.o
 .debug_info    0x0000d760     0x3269 build/default/production/_ext/502845695/tasks.o
 .debug_info    0x000109c9     0x182c build/default/production/_ext/502845695/timers.o
 .debug_info    0x000121f5      0x84c build/default/production/_ext/697864676/date_time.o
 .debug_info    0x00012a41      0x898 build/default/production/_ext/1260377903/ring_buffer.o
 .debug_info    0x000132d9       0xce build/default/production/_ext/1226835810/tick.o
 .debug_info    0x000133a7      0x775 build/default/production/_ext/1360937237/ATSAMV71cm7_it.o
 .debug_info    0x00013b1c      0x10b build/default/production/_ext/1360937237/main.o
 .debug_info    0x00013c27      0x791 build/default/production/_ext/30620426/app_cli.o
 .debug_info    0x000143b8      0x913 build/default/production/_ext/1525186148/app_alive.o
 .debug_info    0x00014ccb      0x4a1 build/default/production/_ext/1026660007/app_root.o
 .debug_info    0x0001516c      0x4c4 build/default/production/_ext/1918720202/app_logging.o
 .debug_info    0x00015630      0x975 build/default/production/_ext/1798135708/dmesg.o
 .debug_info    0x00015fa5      0x443 build/default/production/_ext/751336192/xlog.o
 .debug_info    0x000163e8     0x1a00 build/default/production/_ext/1389938436/app_network.o
 .debug_info    0x00017de8      0x41a build/default/production/_ext/30602918/app_usb.o
 .debug_info    0x00018202      0x2b2 build/default/production/_ext/783082040/board_api.o
 .debug_info    0x000184b4      0xab6 build/default/production/_ext/783082040/usb_descriptors.o
 .debug_info    0x00018f6a      0xce1 build/default/production/_ext/2037418415/tcpip.o
 .debug_info    0x00019c4b      0x3b9 build/default/production/_ext/1264479574/def.o
 .debug_info    0x0001a004      0x64e build/default/production/_ext/1264479574/inet_chksum.o
 .debug_info    0x0001a652      0x113 build/default/production/_ext/1264479574/init.o
 .debug_info    0x0001a765      0x51b build/default/production/_ext/1264479574/ip.o
 .debug_info    0x0001ac80     0x124d build/default/production/_ext/1349076522/etharp.o
 .debug_info    0x0001becd      0xc43 build/default/production/_ext/1349076522/icmp.o
 .debug_info    0x0001cb10      0xded build/default/production/_ext/1349076522/ip4.o
 .debug_info    0x0001d8fd      0x72e build/default/production/_ext/1349076522/ip4_addr.o
 .debug_info    0x0001e02b     0x114f build/default/production/_ext/1349076522/ip4_frag.o
 .debug_info    0x0001f17a      0x97b build/default/production/_ext/1264479574/mem.o
 .debug_info    0x0001faf5      0xaad build/default/production/_ext/1264479574/memp.o
 .debug_info    0x000205a2      0xcc3 build/default/production/_ext/1264479574/netif.o
 .debug_info    0x00021265     0x1afb build/default/production/_ext/1264479574/pbuf.o
 .debug_info    0x00022d60      0xd76 build/default/production/_ext/1264479574/raw.o
 .debug_info    0x00023ad6      0x38d build/default/production/_ext/1264479574/stats.o
 .debug_info    0x00023e63     0x22d0 build/default/production/_ext/1264479574/tcp.o
 .debug_info    0x00026133     0x1a0d build/default/production/_ext/1264479574/tcp_in.o
 .debug_info    0x00027b40     0x1e3f build/default/production/_ext/1264479574/tcp_out.o
 .debug_info    0x0002997f      0xdb8 build/default/production/_ext/1264479574/timeouts.o
 .debug_info    0x0002a737     0x1288 build/default/production/_ext/1264479574/udp.o
 .debug_info    0x0002b9bf      0x9e0 build/default/production/_ext/534298161/ethernet.o
 .debug_info    0x0002c39f     0x1849 build/default/production/_ext/1439055959/ncm_device.o
 .debug_info    0x0002dbe8     0x1c95 build/default/production/_ext/761407912/tusb_fifo.o
 .debug_info    0x0002f87d     0x3976 build/default/production/_ext/781065747/usbd.o
 .debug_info    0x000331f3      0x80e build/default/production/_ext/781065747/usbd_control.o
 .debug_info    0x00033a01     0x2aff build/default/production/_ext/2093936272/dcd_samx7x.o
 .debug_info    0x00036500     0x1b28 build/default/production/_ext/1119931634/tusb.o
 .debug_info    0x00038028      0xcfd build/default/production/_ext/1017385999/sys_arch.o
 .debug_info    0x00038d25      0x212 C:/Program Files/Microchip/xc32/v5.00/bin/bin/../../lib/gcc/pic32c/13.2.1/../../../../pic32c/lib/thumb/v7e-m+dp/hard\libpic32c.a(data_init.o)
 .debug_info    0x00038f37       0xe1 C:/Program Files/Microchip/xc32/v5.00/bin/bin/../../lib/gcc/pic32c/13.2.1/../../../../pic32c/lib/thumb/v7e-m+dp/hard\libc-size-musl.a(memcmp.o)
 .debug_info    0x00039018       0xff C:/Program Files/Microchip/xc32/v5.00/bin/bin/../../lib/gcc/pic32c/13.2.1/../../../../pic32c/lib/thumb/v7e-m+dp/hard\libc-size-musl.a(memcpy.o)
 .debug_info    0x00039117       0xf6 C:/Program Files/Microchip/xc32/v5.00/bin/bin/../../lib/gcc/pic32c/13.2.1/../../../../pic32c/lib/thumb/v7e-m+dp/hard\libc-size-musl.a(memmove.o)
 .debug_info    0x0003920d       0xc2 C:/Program Files/Microchip/xc32/v5.00/bin/bin/../../lib/gcc/pic32c/13.2.1/../../../../pic32c/lib/thumb/v7e-m+dp/hard\libc-size-musl.a(memset.o)
 .debug_info    0x000392cf       0xab C:/Program Files/Microchip/xc32/v5.00/bin/bin/../../lib/gcc/pic32c/13.2.1/../../../../pic32c/lib/thumb/v7e-m+dp/hard\libc-size-musl.a(strlen.o)
 .debug_info    0x0003937a       0xeb C:/Program Files/Microchip/xc32/v5.00/bin/bin/../../lib/gcc/pic32c/13.2.1/../../../../pic32c/lib/thumb/v7e-m+dp/hard\libc-size-musl.a(strchr.o)
 .debug_info    0x00039465      0x133 C:/Program Files/Microchip/xc32/v5.00/bin/bin/../../lib/gcc/pic32c/13.2.1/../../../../pic32c/lib/thumb/v7e-m+dp/hard\libc-size-musl.a(strchrnul.o)
 .debug_info    0x00039598       0x95 C:/Program Files/Microchip/xc32/v5.00/bin/bin/../../lib/gcc/pic32c/13.2.1/../../../../pic32c/lib/thumb/v7e-m+dp/hard\libc-size-musl.a(strcmp.o)
 .debug_info    0x0003962d       0xdd C:/Program Files/Microchip/xc32/v5.00/bin/bin/../../lib/gcc/pic32c/13.2.1/../../../../pic32c/lib/thumb/v7e-m+dp/hard\libc-size-musl.a(strcpy.o)
 .debug_info    0x0003970a      0x109 C:/Program Files/Microchip/xc32/v5.00/bin/bin/../../lib/gcc/pic32c/13.2.1/../../../../pic32c/lib/thumb/v7e-m+dp/hard\libc-size-musl.a(strncpy.o)
 .debug_info    0x00039813       0xac C:/Program Files/Microchip/xc32/v5.00/bin/bin/../../lib/gcc/pic32c/13.2.1/../../../../pic32c/lib/thumb/v7e-m+dp/hard\libc-size-musl.a(stpcpy.o)
 .debug_info    0x000398bf       0xe8 C:/Program Files/Microchip/xc32/v5.00/bin/bin/../../lib/gcc/pic32c/13.2.1/../../../../pic32c/lib/thumb/v7e-m+dp/hard\libc-size-musl.a(stpncpy.o)
 .debug_info    0x000399a7      0x138 C:/Program Files/Microchip/xc32/v5.00/bin/bin/../../lib/gcc/pic32c/13.2.1/../../../../pic32c/lib/thumb/v7e-m+dp/hard\libc-musl.a(toupper.o)
 .debug_info    0x00039adf      0x2fb C:/Program Files/Microchip/xc32/v5.00/bin/bin/../../lib/gcc/pic32c/13.2.1/../../../../pic32c/lib/thumb/v7e-m+dp/hard\libc-musl.a(__libc_start_main.o)
 .debug_info    0x00039dda      0x276 C:/Program Files/Microchip/xc32/v5.00/bin/bin/../../lib/gcc/pic32c/13.2.1/../../../../pic32c/lib/thumb/v7e-m+dp/hard\libc-musl.a(libc.o)
 .debug_info    0x0003a050      0x45b C:/Program Files/Microchip/xc32/v5.00/bin/bin/../../lib/gcc/pic32c/13.2.1/../../../../pic32c/lib/thumb/v7e-m+dp/hard\libc-musl.a(vsnprintf.o)
 .debug_info    0x0003a4ab      0x170 C:/Program Files/Microchip/xc32/v5.00/bin/bin/../../lib/gcc/pic32c/13.2.1/../../../../pic32c/lib/thumb/v7e-m+dp/hard\libc-musl.a(snprintf.o)
 .debug_info    0x0003a61b      0x140 C:/Program Files/Microchip/xc32/v5.00/bin/bin/../../lib/gcc/pic32c/13.2.1/../../../../pic32c/lib/thumb/v7e-m+dp/hard\libc-musl.a(sprintf.o)
 .debug_info    0x0003a75b      0x14f C:/Program Files/Microchip/xc32/v5.00/bin/bin/../../lib/gcc/pic32c/13.2.1/../../../../pic32c/lib/thumb/v7e-m+dp/hard\libc-musl.a(vsprintf.o)
 .debug_info    0x0003a8aa       0xef C:/Program Files/Microchip/xc32/v5.00/bin/bin/../../lib/gcc/pic32c/13.2.1/../../../../pic32c/lib/thumb/v7e-m+dp/hard\libc-musl.a(atoi.o)
 .debug_info    0x0003a999      0x7b0 C:/Program Files/Microchip/xc32/v5.00/bin/bin/../../lib/gcc/pic32c/13.2.1/../../../../pic32c/lib/thumb/v7e-m+dp/hard\libc-musl.a(strtol.o)
 .debug_info    0x0003b149       0x97 C:/Program Files/Microchip/xc32/v5.00/bin/bin/../../lib/gcc/pic32c/13.2.1/../../../../pic32c/lib/thumb/v7e-m+dp/hard\libc-musl.a(__environ.o)
 .debug_info    0x0003b1e0       0x5b C:/Program Files/Microchip/xc32/v5.00/bin/bin/../../lib/gcc/pic32c/13.2.1/../../../../pic32c/lib/thumb/v7e-m+dp/hard\libc-musl.a(__errno_location.o)
 .debug_info    0x0003b23b      0x5a9 C:/Program Files/Microchip/xc32/v5.00/bin/bin/../../lib/gcc/pic32c/13.2.1/../../../../pic32c/lib/thumb/v7e-m+dp/hard\libc-musl.a(intscan.o)
 .debug_info    0x0003b7e4      0x3a3 C:/Program Files/Microchip/xc32/v5.00/bin/bin/../../lib/gcc/pic32c/13.2.1/../../../../pic32c/lib/thumb/v7e-m+dp/hard\libc-musl.a(shgetc.o)
 .debug_info    0x0003bb87      0x383 C:/Program Files/Microchip/xc32/v5.00/bin/bin/../../lib/gcc/pic32c/13.2.1/../../../../pic32c/lib/thumb/v7e-m+dp/hard\libc-musl.a(__uflow.o)
 .debug_info    0x0003bf0a      0x42c C:/Program Files/Microchip/xc32/v5.00/bin/bin/../../lib/gcc/pic32c/13.2.1/../../../../pic32c/lib/thumb/v7e-m+dp/hard\libc-musl.a(vfprintf.o)
 .debug_info    0x0003c336      0x377 C:/Program Files/Microchip/xc32/v5.00/bin/bin/../../lib/gcc/pic32c/13.2.1/../../../../pic32c/lib/thumb/v7e-m+dp/hard\libc-musl.a(__toread.o)
 .debug_info    0x0003c6ad      0x162 C:/Program Files/Microchip/xc32/v5.00/bin/bin/../../lib/gcc/pic32c/13.2.1/../../../../pic32c/lib/thumb/v7e-m+dp/hard\libc-musl.a(__pop_float.o)